Archive member included to satisfy reference by file (symbol)

c:/nxp/mcuxpressoide_10.1.0_589/ide/tools/bin/../lib/gcc/arm-none-eabi/6.3.1/../../../../arm-none-eabi/lib/thumb/v7e-m/fpv4-sp/hard\libcr_semihost_nf.a(_cr__main.o)
                              ./startup/startup_mk64f12.o (__main)
c:/nxp/mcuxpressoide_10.1.0_589/ide/tools/bin/../lib/gcc/arm-none-eabi/6.3.1/../../../../arm-none-eabi/lib/thumb/v7e-m/fpv4-sp/hard\libcr_semihost_nf.a(_cr_assert.o)
                              ./utilities/fsl_debug_console.o (__assertion_failed)
c:/nxp/mcuxpressoide_10.1.0_589/ide/tools/bin/../lib/gcc/arm-none-eabi/6.3.1/../../../../arm-none-eabi/lib/thumb/v7e-m/fpv4-sp/hard\libcr_semihost_nf.a(__ciob.o)
                              c:/nxp/mcuxpressoide_10.1.0_589/ide/tools/bin/../lib/gcc/arm-none-eabi/6.3.1/../../../../arm-none-eabi/lib/thumb/v7e-m/fpv4-sp/hard\libcr_semihost_nf.a(_cr_assert.o) (__Ciob)
c:/nxp/mcuxpressoide_10.1.0_589/ide/tools/bin/../lib/gcc/arm-none-eabi/6.3.1/../../../../arm-none-eabi/lib/thumb/v7e-m/fpv4-sp/hard\libcr_semihost_nf.a(__sys_appexit.o)
                              c:/nxp/mcuxpressoide_10.1.0_589/ide/tools/bin/../lib/gcc/arm-none-eabi/6.3.1/../../../../arm-none-eabi/lib/thumb/v7e-m/fpv4-sp/hard\libcr_semihost_nf.a(_cr_assert.o) (__sys_appexit)
c:/nxp/mcuxpressoide_10.1.0_589/ide/tools/bin/../lib/gcc/arm-none-eabi/6.3.1/../../../../arm-none-eabi/lib/thumb/v7e-m/fpv4-sp/hard\libcr_c.a(memcpy.o)
                              ./drivers/fsl_flash.o (memcpy)
c:/nxp/mcuxpressoide_10.1.0_589/ide/tools/bin/../lib/gcc/arm-none-eabi/6.3.1/../../../../arm-none-eabi/lib/thumb/v7e-m/fpv4-sp/hard\libcr_c.a(memset.o)
                              ./drivers/fsl_flash.o (memset)
c:/nxp/mcuxpressoide_10.1.0_589/ide/tools/bin/../lib/gcc/arm-none-eabi/6.3.1/../../../../arm-none-eabi/lib/thumb/v7e-m/fpv4-sp/hard\libcr_c.a(_deferredlazyseek.o)
                              c:/nxp/mcuxpressoide_10.1.0_589/ide/tools/bin/../lib/gcc/arm-none-eabi/6.3.1/../../../../arm-none-eabi/lib/thumb/v7e-m/fpv4-sp/hard\libcr_semihost_nf.a(_cr_assert.o) (__flsbuf)
c:/nxp/mcuxpressoide_10.1.0_589/ide/tools/bin/../lib/gcc/arm-none-eabi/6.3.1/../../../../arm-none-eabi/lib/thumb/v7e-m/fpv4-sp/hard\libcr_c.a(_fflush.o)
                              c:/nxp/mcuxpressoide_10.1.0_589/ide/tools/bin/../lib/gcc/arm-none-eabi/6.3.1/../../../../arm-none-eabi/lib/thumb/v7e-m/fpv4-sp/hard\libcr_c.a(_deferredlazyseek.o) (_fflush)
c:/nxp/mcuxpressoide_10.1.0_589/ide/tools/bin/../lib/gcc/arm-none-eabi/6.3.1/../../../../arm-none-eabi/lib/thumb/v7e-m/fpv4-sp/hard\libcr_c.a(_writebuf.o)
                              c:/nxp/mcuxpressoide_10.1.0_589/ide/tools/bin/../lib/gcc/arm-none-eabi/6.3.1/../../../../arm-none-eabi/lib/thumb/v7e-m/fpv4-sp/hard\libcr_c.a(_deferredlazyseek.o) (_Cwritebuf)
c:/nxp/mcuxpressoide_10.1.0_589/ide/tools/bin/../lib/gcc/arm-none-eabi/6.3.1/../../../../arm-none-eabi/lib/thumb/v7e-m/fpv4-sp/hard\libcr_c.a(alloc.o)
                              c:/nxp/mcuxpressoide_10.1.0_589/ide/tools/bin/../lib/gcc/arm-none-eabi/6.3.1/../../../../arm-none-eabi/lib/thumb/v7e-m/fpv4-sp/hard\libcr_c.a(_deferredlazyseek.o) (_Csys_alloc)
c:/nxp/mcuxpressoide_10.1.0_589/ide/tools/bin/../lib/gcc/arm-none-eabi/6.3.1/../../../../arm-none-eabi/lib/thumb/v7e-m/fpv4-sp/hard\libcr_c.a(fputs.o)
                              c:/nxp/mcuxpressoide_10.1.0_589/ide/tools/bin/../lib/gcc/arm-none-eabi/6.3.1/../../../../arm-none-eabi/lib/thumb/v7e-m/fpv4-sp/hard\libcr_semihost_nf.a(_cr_assert.o) (fputs)
c:/nxp/mcuxpressoide_10.1.0_589/ide/tools/bin/../lib/gcc/arm-none-eabi/6.3.1/../../../../arm-none-eabi/lib/thumb/v7e-m/fpv4-sp/hard\libcr_c.a(fseek.o)
                              c:/nxp/mcuxpressoide_10.1.0_589/ide/tools/bin/../lib/gcc/arm-none-eabi/6.3.1/../../../../arm-none-eabi/lib/thumb/v7e-m/fpv4-sp/hard\libcr_c.a(_deferredlazyseek.o) (fseek)
c:/nxp/mcuxpressoide_10.1.0_589/ide/tools/bin/../lib/gcc/arm-none-eabi/6.3.1/../../../../arm-none-eabi/lib/thumb/v7e-m/fpv4-sp/hard\libcr_c.a(ftell.o)
                              c:/nxp/mcuxpressoide_10.1.0_589/ide/tools/bin/../lib/gcc/arm-none-eabi/6.3.1/../../../../arm-none-eabi/lib/thumb/v7e-m/fpv4-sp/hard\libcr_c.a(fseek.o) (ftell)
c:/nxp/mcuxpressoide_10.1.0_589/ide/tools/bin/../lib/gcc/arm-none-eabi/6.3.1/../../../../arm-none-eabi/lib/thumb/v7e-m/fpv4-sp/hard\libcr_c.a(initio.o)
                              c:/nxp/mcuxpressoide_10.1.0_589/ide/tools/bin/../lib/gcc/arm-none-eabi/6.3.1/../../../../arm-none-eabi/lib/thumb/v7e-m/fpv4-sp/hard\libcr_semihost_nf.a(_cr__main.o) (_initio)
c:/nxp/mcuxpressoide_10.1.0_589/ide/tools/bin/../lib/gcc/arm-none-eabi/6.3.1/../../../../arm-none-eabi/lib/thumb/v7e-m/fpv4-sp/hard\libcr_c.a(printf.o)
                              ./utilities/fsl_assert.o (_printf)
c:/nxp/mcuxpressoide_10.1.0_589/ide/tools/bin/../lib/gcc/arm-none-eabi/6.3.1/../../../../arm-none-eabi/lib/thumb/v7e-m/fpv4-sp/hard\libcr_c.a(setvbuf.o)
[...]
Memory Configuration

Name             Origin             Length             Attributes
PROGRAM_FLASH    0x00000000         0x00100000         xr
SRAM_UPPER       0x20000000         0x00030000         xrw
SRAM_LOWER       0x1fff0000         0x00010000         xrw
FLEX_RAM         0x14000000         0x00001000         xrw
*default*        0x00000000         0xffffffff

Linker script and memory map

LOAD ./utilities/fsl_assert.o
LOAD ./utilities/fsl_debug_console.o
LOAD ./utilities/fsl_io.o
LOAD ./utilities/fsl_log.o
LOAD ./utilities/fsl_str.o
LOAD ./startup/startup_mk64f12.o
LOAD ./source/ftm_pwm_twochannel.o
LOAD ./source/semihost_hardfault.o
LOAD ./drivers/fsl_clock.o
LOAD ./drivers/fsl_common.o
LOAD ./drivers/fsl_flash.o
LOAD ./drivers/fsl_ftm.o
LOAD ./drivers/fsl_gpio.o
LOAD ./drivers/fsl_smc.o
LOAD ./drivers/fsl_uart.o
LOAD ./board/board.o
LOAD ./board/clock_config.o
LOAD ./board/pin_mux.o
LOAD ./CMSIS/system_MK64F12.o
START GROUP
LOAD c:/nxp/mcuxpressoide_10.1.0_589/ide/tools/bin/../lib/gcc/arm-none-eabi/6.3.1/../../../../arm-none-eabi/lib/thumb/v7e-m/fpv4-sp/hard\libcr_semihost_nf.a
LOAD c:/nxp/mcuxpressoide_10.1.0_589/ide/tools/bin/../lib/gcc/arm-none-eabi/6.3.1/../../../../arm-none-eabi/lib/thumb/v7e-m/fpv4-sp/hard\libcr_c.a
LOAD c:/nxp/mcuxpressoide_10.1.0_589/ide/tools/bin/../lib/gcc/arm-none-eabi/6.3.1/thumb/v7e-m/fpv4-sp/hard\libcr_eabihelpers.a
END GROUP
                0x00000000                __base_PROGRAM_FLASH = 0x0
                0x00000000                __base_Flash = 0x0
                0x00100000                __top_PROGRAM_FLASH = 0x100000
                0x00100000                __top_Flash = 0x100000
                0x20000000                __base_SRAM_UPPER = 0x20000000
                0x20000000                __base_RAM = 0x20000000
                0x20030000                __top_SRAM_UPPER = 0x20030000
                0x20030000                __top_RAM = 0x20030000
                0x1fff0000                __base_SRAM_LOWER = 0x1fff0000
                0x1fff0000                __base_RAM2 = 0x1fff0000
                0x20000000                __top_SRAM_LOWER = 0x20000000
                0x20000000                __top_RAM2 = 0x20000000
                0x14000000                __base_FLEX_RAM = 0x14000000
                0x14000000                __base_RAM3 = 0x14000000
                0x14001000                __top_FLEX_RAM = 0x14001000
                0x14001000                __top_RAM3 = 0x14001000

.text           0x00000000     0x5110
 FILL mask 0xff
                0x00000000                __vectors_start__ = ABSOLUTE (.)
 *(.isr_vector)
 .isr_vector    0x00000000      0x198 ./startup/startup_mk64f12.o
                0x00000000                g_pfnVectors
                0x00000000                __Vectors
                0x00000198                . = ALIGN (0x4)
                0x00000198                __section_table_start = .
                0x00000198                __data_section_table = .
                0x00000198        0x4 LONG 0x5110 LOADADDR (.data)
                0x0000019c        0x4 LONG 0x20000000 ADDR (.data)
                0x000001a0        0x4 LONG 0x114 SIZEOF (.data)
                0x000001a4        0x4 LONG 0x5110 LOADADDR (.data_RAM2)
                0x000001a8        0x4 LONG 0x1fff0000 ADDR (.data_RAM2)
                0x000001ac        0x4 LONG 0x0 SIZEOF (.data_RAM2)
                0x000001b0        0x4 LONG 0x5110 LOADADDR (.data_RAM3)
                0x000001b4        0x4 LONG 0x14000000 ADDR (.data_RAM3)
                0x000001b8        0x4 LONG 0x0 SIZEOF (.data_RAM3)
                0x000001bc                __data_section_table_end = .
                0x000001bc                __bss_section_table = .
                0x000001bc        0x4 LONG 0x20000114 ADDR (.bss)
                0x000001c0        0x4 LONG 0xf0 SIZEOF (.bss)
                0x000001c4        0x4 LONG 0x1fff0000 ADDR (.bss_RAM2)
                0x000001c8        0x4 LONG 0x0 SIZEOF (.bss_RAM2)
                0x000001cc        0x4 LONG 0x14000000 ADDR (.bss_RAM3)
                0x000001d0        0x4 LONG 0x0 SIZEOF (.bss_RAM3)
                0x000001d4                __bss_section_table_end = .
                0x000001d4                __section_table_end = .
 *(.after_vectors*)
 .after_vectors.init_data
                0x000001d4       0x1e ./startup/startup_mk64f12.o
                0x000001d4                data_init
 .after_vectors.init_bss
                0x000001f2       0x12 ./startup/startup_mk64f12.o
                0x000001f2                bss_init
 .after_vectors.reset
                0x00000204       0x4c ./startup/startup_mk64f12.o
                0x00000204                ResetISR
 .after_vectors
                0x00000250       0x14 ./startup/startup_mk64f12.o
                0x00000250                NMI_Handler
                0x00000254                MemManage_Handler
                0x00000256                BusFault_Handler
                0x00000258                UsageFault_Handler
                0x0000025a                SVC_Handler
                0x0000025c                DebugMon_Handler
                0x0000025e                PendSV_Handler
                0x00000260                SysTick_Handler
                0x00000262                DMA_Error_DriverIRQHandler
                0x00000262                LPTMR0_DriverIRQHandler
                0x00000262                FTM1_DriverIRQHandler
                0x00000262                FTM2_DriverIRQHandler
                0x00000262                PIT2_DriverIRQHandler
                0x00000262                SDHC_DriverIRQHandler
                0x00000262                I2S0_Tx_DriverIRQHandler
                0x00000262                RTC_Seconds_DriverIRQHandler
                0x00000262                DMA6_DriverIRQHandler
                0x00000262                LLWU_DriverIRQHandler
                0x00000262                MCM_DriverIRQHandler
                0x00000262                MCG_DriverIRQHandler
                0x00000262                ENET_1588_Timer_DriverIRQHandler
                0x00000262                I2C2_DriverIRQHandler
                0x00000262                DAC1_DriverIRQHandler
                0x00000262                SPI1_DriverIRQHandler
                0x00000262                CMP1_DriverIRQHandler
                0x00000262                FTM0_DriverIRQHandler
                0x00000262                IntDefaultHandler
                0x00000262                USB0_DriverIRQHandler
                0x00000262                UART5_ERR_DriverIRQHandler
                0x00000262                PORTC_DriverIRQHandler
                0x00000262                DMA11_DriverIRQHandler
                0x00000262                DAC0_DriverIRQHandler
                0x00000262                DMA10_DriverIRQHandler
                0x00000262                CMP2_DriverIRQHandler
                0x00000262                UART2_ERR_DriverIRQHandler
                0x00000262                SPI2_DriverIRQHandler
                0x00000262                LVD_LVW_DriverIRQHandler
                0x00000262                PIT0_DriverIRQHandler
                0x00000262                DMA12_DriverIRQHandler
                0x00000262                DMA5_DriverIRQHandler
                0x00000262                DMA4_DriverIRQHandler
                0x00000262                USBDCD_DriverIRQHandler
                0x00000262                UART3_ERR_DriverIRQHandler
                0x00000262                DMA3_DriverIRQHandler
                0x00000262                DMA8_DriverIRQHandler
                0x00000262                DMA9_DriverIRQHandler
                0x00000262                UART0_ERR_DriverIRQHandler
                0x00000262                CMT_DriverIRQHandler
                0x00000262                Reserved71_DriverIRQHandler
                0x00000262                ADC1_DriverIRQHandler
                0x00000262                PORTA_DriverIRQHandler
                0x00000262                DMA14_DriverIRQHandler
                0x00000262                PIT3_DriverIRQHandler
                0x00000262                PIT1_DriverIRQHandler
                0x00000262                WDOG_EWM_DriverIRQHandler
                0x00000262                PDB0_DriverIRQHandler
                0x00000262                RTC_DriverIRQHandler
                0x00000262                I2S0_Rx_DriverIRQHandler
                0x00000262                Read_Collision_DriverIRQHandler
                0x00000262                SWI_DriverIRQHandler
                0x00000262                UART4_ERR_DriverIRQHandler
                0x00000262                PORTB_DriverIRQHandler
                0x00000262                UART0_LON_DriverIRQHandler
                0x00000262                DMA0_DriverIRQHandler
                0x00000262                DMA1_DriverIRQHandler
                0x00000262                I2C1_DriverIRQHandler
                0x00000262                ENET_Receive_DriverIRQHandler
                0x00000262                DMA13_DriverIRQHandler
                0x00000262                ENET_Error_DriverIRQHandler
                0x00000262                DMA15_DriverIRQHandler
                0x00000262                SPI0_DriverIRQHandler
                0x00000262                ADC0_DriverIRQHandler
                0x00000262                CMP0_DriverIRQHandler
                0x00000262                CAN0_DriverIRQHandler
                0x00000262                FTM3_DriverIRQHandler
                0x00000262                RNG_DriverIRQHandler
                0x00000262                UART1_ERR_DriverIRQHandler
                0x00000262                DMA2_DriverIRQHandler
                0x00000262                ENET_Transmit_DriverIRQHandler
                0x00000262                PORTD_DriverIRQHandler
                0x00000262                PORTE_DriverIRQHandler
                0x00000262                FTFE_DriverIRQHandler
                0x00000262                I2C0_DriverIRQHandler
                0x00000262                DMA7_DriverIRQHandler
                0x00000400                . = 0x400
 *fill*         0x00000264      0x19c ff
                0x00000400                PROVIDE (__FLASH_CONFIG_START__, .)
 *(.FlashConfig)
 .FlashConfig   0x00000400       0x10 ./startup/startup_mk64f12.o
                0x00000400                Flash_Config
                0x00000410                PROVIDE (__FLASH_CONFIG_END__, .)
                0x00000001                ASSERT (! ((__FLASH_CONFIG_START__ == __FLASH_CONFIG_END__)), Linker Flash Config Support Enabled, but no .FlashConfig section provided within application)
 *(.text*)
 .text.DbgConsole_Init
                0x00000410       0x38 ./utilities/fsl_debug_console.o
                0x00000410                DbgConsole_Init
 .text.UART_EnableTx
                0x00000448       0x40 ./utilities/fsl_io.o
 .text.UART_EnableRx
                0x00000488       0x40 ./utilities/fsl_io.o
 .text.IO_Init  0x000004c8       0x80 ./utilities/fsl_io.o
                0x000004c8                IO_Init
 .text.LOG_Init
                0x00000548       0x30 ./utilities/fsl_log.o
                0x00000548                LOG_Init
 .text.DMA0_IRQHandler
                0x00000578        0x8 ./startup/startup_mk64f12.o
                0x00000578                DMA0_IRQHandler
 .text.DMA1_IRQHandler
                0x00000580        0x8 ./startup/startup_mk64f12.o
                0x00000580                DMA1_IRQHandler
 .text.DMA2_IRQHandler
                0x00000588        0x8 ./startup/startup_mk64f12.o
                0x00000588                DMA2_IRQHandler
 .text.DMA3_IRQHandler
                0x00000590        0x8 ./startup/startup_mk64f12.o
                0x00000590                DMA3_IRQHandler
 .text.DMA4_IRQHandler
                0x00000598        0x8 ./startup/startup_mk64f12.o
                0x00000598                DMA4_IRQHandler
 .text.DMA5_IRQHandler
                0x000005a0        0x8 ./startup/startup_mk64f12.o
                0x000005a0                DMA5_IRQHandler
 .text.DMA6_IRQHandler
                0x000005a8        0x8 ./startup/startup_mk64f12.o
                0x000005a8                DMA6_IRQHandler
 .text.DMA7_IRQHandler
                0x000005b0        0x8 ./startup/startup_mk64f12.o
                0x000005b0                DMA7_IRQHandler
 .text.DMA8_IRQHandler
                0x000005b8        0x8 ./startup/startup_mk64f12.o
                0x000005b8                DMA8_IRQHandler
 .text.DMA9_IRQHandler
                0x000005c0        0x8 ./startup/startup_mk64f12.o
                0x000005c0                DMA9_IRQHandler
 .text.DMA10_IRQHandler
                0x000005c8        0x8 ./startup/startup_mk64f12.o
                0x000005c8                DMA10_IRQHandler
 .text.DMA11_IRQHandler
                0x000005d0        0x8 ./startup/startup_mk64f12.o
                0x000005d0                DMA11_IRQHandler
 .text.DMA12_IRQHandler
                0x000005d8        0x8 ./startup/startup_mk64f12.o
                0x000005d8                DMA12_IRQHandler
 .text.DMA13_IRQHandler
                0x000005e0        0x8 ./startup/startup_mk64f12.o
                0x000005e0                DMA13_IRQHandler
 .text.DMA14_IRQHandler
                0x000005e8        0x8 ./startup/startup_mk64f12.o
                0x000005e8                DMA14_IRQHandler
 .text.DMA15_IRQHandler
                0x000005f0        0x8 ./startup/startup_mk64f12.o
                0x000005f0                DMA15_IRQHandler
 .text.DMA_Error_IRQHandler
                0x000005f8        0x8 ./startup/startup_mk64f12.o
                0x000005f8                DMA_Error_IRQHandler
 .text.MCM_IRQHandler
                0x00000600        0x8 ./startup/startup_mk64f12.o
                0x00000600                MCM_IRQHandler
 .text.FTFE_IRQHandler
                0x00000608        0x8 ./startup/startup_mk64f12.o
                0x00000608                FTFE_IRQHandler
 .text.Read_Collision_IRQHandler
                0x00000610        0x8 ./startup/startup_mk64f12.o
                0x00000610                Read_Collision_IRQHandler
 .text.LVD_LVW_IRQHandler
                0x00000618        0x8 ./startup/startup_mk64f12.o
                0x00000618                LVD_LVW_IRQHandler
 .text.LLWU_IRQHandler
                0x00000620        0x8 ./startup/startup_mk64f12.o
                0x00000620                LLWU_IRQHandler
 .text.WDOG_EWM_IRQHandler
                0x00000628        0x8 ./startup/startup_mk64f12.o
                0x00000628                WDOG_EWM_IRQHandler
 .text.RNG_IRQHandler
                0x00000630        0x8 ./startup/startup_mk64f12.o
                0x00000630                RNG_IRQHandler
 .text.I2C0_IRQHandler
                0x00000638        0x8 ./startup/startup_mk64f12.o
                0x00000638                I2C0_IRQHandler
 .text.I2C1_IRQHandler
                0x00000640        0x8 ./startup/startup_mk64f12.o
                0x00000640                I2C1_IRQHandler
 .text.SPI0_IRQHandler
                0x00000648        0x8 ./startup/startup_mk64f12.o
                0x00000648                SPI0_IRQHandler
 .text.SPI1_IRQHandler
                0x00000650        0x8 ./startup/startup_mk64f12.o
                0x00000650                SPI1_IRQHandler
 .text.I2S0_Tx_IRQHandler
                0x00000658        0x8 ./startup/startup_mk64f12.o
                0x00000658                I2S0_Tx_IRQHandler
 .text.I2S0_Rx_IRQHandler
                0x00000660        0x8 ./startup/startup_mk64f12.o
                0x00000660                I2S0_Rx_IRQHandler
 .text.UART0_LON_IRQHandler
                0x00000668        0x8 ./startup/startup_mk64f12.o
                0x00000668                UART0_LON_IRQHandler
 .text.UART0_RX_TX_IRQHandler
                0x00000670        0x8 ./startup/startup_mk64f12.o
                0x00000670                UART0_RX_TX_IRQHandler
 .text.UART0_ERR_IRQHandler
                0x00000678        0x8 ./startup/startup_mk64f12.o
                0x00000678                UART0_ERR_IRQHandler
 .text.UART1_RX_TX_IRQHandler
                0x00000680        0x8 ./startup/startup_mk64f12.o
                0x00000680                UART1_RX_TX_IRQHandler
 .text.UART1_ERR_IRQHandler
                0x00000688        0x8 ./startup/startup_mk64f12.o
                0x00000688                UART1_ERR_IRQHandler
 .text.UART2_RX_TX_IRQHandler
                0x00000690        0x8 ./startup/startup_mk64f12.o
                0x00000690                UART2_RX_TX_IRQHandler
 .text.UART2_ERR_IRQHandler
                0x00000698        0x8 ./startup/startup_mk64f12.o
                0x00000698                UART2_ERR_IRQHandler
 .text.UART3_RX_TX_IRQHandler
                0x000006a0        0x8 ./startup/startup_mk64f12.o
                0x000006a0                UART3_RX_TX_IRQHandler
 .text.UART3_ERR_IRQHandler
                0x000006a8        0x8 ./startup/startup_mk64f12.o
                0x000006a8                UART3_ERR_IRQHandler
 .text.ADC0_IRQHandler
                0x000006b0        0x8 ./startup/startup_mk64f12.o
                0x000006b0                ADC0_IRQHandler
 .text.CMP0_IRQHandler
                0x000006b8        0x8 ./startup/startup_mk64f12.o
                0x000006b8                CMP0_IRQHandler
 .text.CMP1_IRQHandler
                0x000006c0        0x8 ./startup/startup_mk64f12.o
                0x000006c0                CMP1_IRQHandler
 .text.FTM1_IRQHandler
                0x000006c8        0x8 ./startup/startup_mk64f12.o
                0x000006c8                FTM1_IRQHandler
 .text.FTM2_IRQHandler
                0x000006d0        0x8 ./startup/startup_mk64f12.o
                0x000006d0                FTM2_IRQHandler
 .text.CMT_IRQHandler
                0x000006d8        0x8 ./startup/startup_mk64f12.o
                0x000006d8                CMT_IRQHandler
 .text.RTC_IRQHandler
                0x000006e0        0x8 ./startup/startup_mk64f12.o
                0x000006e0                RTC_IRQHandler
 .text.RTC_Seconds_IRQHandler
                0x000006e8        0x8 ./startup/startup_mk64f12.o
                0x000006e8                RTC_Seconds_IRQHandler
 .text.PIT0_IRQHandler
                0x000006f0        0x8 ./startup/startup_mk64f12.o
                0x000006f0                PIT0_IRQHandler
 .text.PIT1_IRQHandler
                0x000006f8        0x8 ./startup/startup_mk64f12.o
                0x000006f8                PIT1_IRQHandler
 .text.PIT2_IRQHandler
                0x00000700        0x8 ./startup/startup_mk64f12.o
                0x00000700                PIT2_IRQHandler
 .text.PIT3_IRQHandler
                0x00000708        0x8 ./startup/startup_mk64f12.o
                0x00000708                PIT3_IRQHandler
 .text.PDB0_IRQHandler
                0x00000710        0x8 ./startup/startup_mk64f12.o
                0x00000710                PDB0_IRQHandler
 .text.USB0_IRQHandler
                0x00000718        0x8 ./startup/startup_mk64f12.o
                0x00000718                USB0_IRQHandler
 .text.USBDCD_IRQHandler
                0x00000720        0x8 ./startup/startup_mk64f12.o
                0x00000720                USBDCD_IRQHandler
 .text.Reserved71_IRQHandler
                0x00000728        0x8 ./startup/startup_mk64f12.o
                0x00000728                Reserved71_IRQHandler
 .text.DAC0_IRQHandler
                0x00000730        0x8 ./startup/startup_mk64f12.o
                0x00000730                DAC0_IRQHandler
 .text.MCG_IRQHandler
                0x00000738        0x8 ./startup/startup_mk64f12.o
                0x00000738                MCG_IRQHandler
 .text.LPTMR0_IRQHandler
                0x00000740        0x8 ./startup/startup_mk64f12.o
                0x00000740                LPTMR0_IRQHandler
 .text.PORTA_IRQHandler
                0x00000748        0x8 ./startup/startup_mk64f12.o
                0x00000748                PORTA_IRQHandler
 .text.PORTB_IRQHandler
                0x00000750        0x8 ./startup/startup_mk64f12.o
                0x00000750                PORTB_IRQHandler
 .text.PORTC_IRQHandler
                0x00000758        0x8 ./startup/startup_mk64f12.o
                0x00000758                PORTC_IRQHandler
 .text.PORTD_IRQHandler
                0x00000760        0x8 ./startup/startup_mk64f12.o
                0x00000760                PORTD_IRQHandler
 .text.PORTE_IRQHandler
                0x00000768        0x8 ./startup/startup_mk64f12.o
                0x00000768                PORTE_IRQHandler
 .text.SWI_IRQHandler
                0x00000770        0x8 ./startup/startup_mk64f12.o
                0x00000770                SWI_IRQHandler
 .text.SPI2_IRQHandler
                0x00000778        0x8 ./startup/startup_mk64f12.o
                0x00000778                SPI2_IRQHandler
 .text.UART4_RX_TX_IRQHandler
                0x00000780        0x8 ./startup/startup_mk64f12.o
                0x00000780                UART4_RX_TX_IRQHandler
 .text.UART4_ERR_IRQHandler
                0x00000788        0x8 ./startup/startup_mk64f12.o
                0x00000788                UART4_ERR_IRQHandler
 .text.UART5_RX_TX_IRQHandler
                0x00000790        0x8 ./startup/startup_mk64f12.o
                0x00000790                UART5_RX_TX_IRQHandler
 .text.UART5_ERR_IRQHandler
                0x00000798        0x8 ./startup/startup_mk64f12.o
                0x00000798                UART5_ERR_IRQHandler
 .text.CMP2_IRQHandler
                0x000007a0        0x8 ./startup/startup_mk64f12.o
                0x000007a0                CMP2_IRQHandler
 .text.FTM3_IRQHandler
                0x000007a8        0x8 ./startup/startup_mk64f12.o
                0x000007a8                FTM3_IRQHandler
 .text.DAC1_IRQHandler
                0x000007b0        0x8 ./startup/startup_mk64f12.o
                0x000007b0                DAC1_IRQHandler
 .text.ADC1_IRQHandler
                0x000007b8        0x8 ./startup/startup_mk64f12.o
                0x000007b8                ADC1_IRQHandler
 .text.I2C2_IRQHandler
                0x000007c0        0x8 ./startup/startup_mk64f12.o
                0x000007c0                I2C2_IRQHandler
 .text.CAN0_ORed_Message_buffer_IRQHandler
                0x000007c8        0x8 ./startup/startup_mk64f12.o
                0x000007c8                CAN0_ORed_Message_buffer_IRQHandler
 .text.CAN0_Bus_Off_IRQHandler
                0x000007d0        0x8 ./startup/startup_mk64f12.o
                0x000007d0                CAN0_Bus_Off_IRQHandler
 .text.CAN0_Error_IRQHandler
                0x000007d8        0x8 ./startup/startup_mk64f12.o
                0x000007d8                CAN0_Error_IRQHandler
 .text.CAN0_Tx_Warning_IRQHandler
                0x000007e0        0x8 ./startup/startup_mk64f12.o
                0x000007e0                CAN0_Tx_Warning_IRQHandler
 .text.CAN0_Rx_Warning_IRQHandler
                0x000007e8        0x8 ./startup/startup_mk64f12.o
                0x000007e8                CAN0_Rx_Warning_IRQHandler
 .text.CAN0_Wake_Up_IRQHandler
                0x000007f0        0x8 ./startup/startup_mk64f12.o
                0x000007f0                CAN0_Wake_Up_IRQHandler
 .text.SDHC_IRQHandler
                0x000007f8        0x8 ./startup/startup_mk64f12.o
                0x000007f8                SDHC_IRQHandler
 .text.ENET_1588_Timer_IRQHandler
                0x00000800        0x8 ./startup/startup_mk64f12.o
                0x00000800                ENET_1588_Timer_IRQHandler
 .text.ENET_Transmit_IRQHandler
                0x00000808        0x8 ./startup/startup_mk64f12.o
                0x00000808                ENET_Transmit_IRQHandler
 .text.ENET_Receive_IRQHandler
                0x00000810        0x8 ./startup/startup_mk64f12.o
                0x00000810                ENET_Receive_IRQHandler
 .text.ENET_Error_IRQHandler
                0x00000818        0x8 ./startup/startup_mk64f12.o
                0x00000818                ENET_Error_IRQHandler
 .text.__NVIC_EnableIRQ
                0x00000820       0x3c ./source/ftm_pwm_twochannel.o
 .text.EnableIRQ
                0x0000085c       0x2c ./source/ftm_pwm_twochannel.o
 .text.FTM_SetTimerPeriod
                0x00000888       0x1c ./source/ftm_pwm_twochannel.o
 .text.FTM_StartTimer
                0x000008a4       0x3a ./source/ftm_pwm_twochannel.o
 .text.FTM_SetSoftwareTrigger
                0x000008de       0x38 ./source/ftm_pwm_twochannel.o
 *fill*         0x00000916        0x2 ff
 .text.main     0x00000918      0x2e8 ./source/ftm_pwm_twochannel.o
                0x00000918                main
 .text.FTM0_IRQHandler
                0x00000c00       0x20 ./source/ftm_pwm_twochannel.o
                0x00000c00                FTM0_IRQHandler
 .text.HardFault_Handler
                0x00000c20       0x2a ./source/semihost_hardfault.o
                0x00000c20                HardFault_Handler
 *fill*         0x00000c4a        0x2 ff
 .text.CLOCK_SetEr32kClock
                0x00000c4c       0x30 ./drivers/fsl_clock.o
 .text.CLOCK_SetPllFllSelClock
                0x00000c7c       0x3c ./drivers/fsl_clock.o
 .text.OSC_SetExtRefClkConfig
                0x00000cb8       0x34 ./drivers/fsl_clock.o
 .text.OSC_SetCapLoad
                0x00000cec       0x34 ./drivers/fsl_clock.o
 .text.CLOCK_GetMcgExtClkFreq
                0x00000d20       0x78 ./drivers/fsl_clock.o
 .text.CLOCK_GetFllExtRefClkFreq
                0x00000d98       0xcc ./drivers/fsl_clock.o
 .text.CLOCK_GetInternalRefClkSelectFreq
                0x00000e64       0x44 ./drivers/fsl_clock.o
 .text.CLOCK_GetFllRefClkFreq
                0x00000ea8       0x2c ./drivers/fsl_clock.o
 .text.CLOCK_GetPll0RefFreq
                0x00000ed4        0xe ./drivers/fsl_clock.o
 *fill*         0x00000ee2        0x2 ff
 .text.CLOCK_GetOscRangeFromFreq
                0x00000ee4       0x3c ./drivers/fsl_clock.o
 .text.CLOCK_GetOsc0ErClkFreq
                0x00000f20       0x38 ./drivers/fsl_clock.o
                0x00000f20                CLOCK_GetOsc0ErClkFreq
 .text.CLOCK_GetEr32kClkFreq
                0x00000f58       0x70 ./drivers/fsl_clock.o
                0x00000f58                CLOCK_GetEr32kClkFreq
 .text.CLOCK_GetPllFllSelClkFreq
                0x00000fc8       0x54 ./drivers/fsl_clock.o
                0x00000fc8                CLOCK_GetPllFllSelClkFreq
 .text.CLOCK_GetCoreSysClkFreq
                0x0000101c       0x28 ./drivers/fsl_clock.o
                0x0000101c                CLOCK_GetCoreSysClkFreq
 .text.CLOCK_GetFreq
                0x00001044      0x148 ./drivers/fsl_clock.o
                0x00001044                CLOCK_GetFreq
 .text.CLOCK_SetSimConfig
                0x0000118c       0x38 ./drivers/fsl_clock.o
                0x0000118c                CLOCK_SetSimConfig
 .text.CLOCK_GetOutClkFreq
                0x000011c4       0x64 ./drivers/fsl_clock.o
                0x000011c4                CLOCK_GetOutClkFreq
 .text.CLOCK_GetFllFreq
                0x00001228       0x7c ./drivers/fsl_clock.o
                0x00001228                CLOCK_GetFllFreq
 .text.CLOCK_GetInternalRefClkFreq
                0x000012a4       0x24 ./drivers/fsl_clock.o
                0x000012a4                CLOCK_GetInternalRefClkFreq
 .text.CLOCK_GetFixedFreqClkFreq
                0x000012c8       0x2e ./drivers/fsl_clock.o
                0x000012c8                CLOCK_GetFixedFreqClkFreq
 *fill*         0x000012f6        0x2 ff
 .text.CLOCK_GetPll0Freq
                0x000012f8       0x68 ./drivers/fsl_clock.o
                0x000012f8                CLOCK_GetPll0Freq
 .text.CLOCK_SetExternalRefClkConfig
                0x00001360       0x6c ./drivers/fsl_clock.o
                0x00001360                CLOCK_SetExternalRefClkConfig
 .text.CLOCK_SetInternalRefClkConfig
                0x000013cc      0x104 ./drivers/fsl_clock.o
                0x000013cc                CLOCK_SetInternalRefClkConfig
 .text.CLOCK_EnablePll0
                0x000014d0       0x84 ./drivers/fsl_clock.o
                0x000014d0                CLOCK_EnablePll0
 .text.CLOCK_InitOsc0
                0x00001554       0x8c ./drivers/fsl_clock.o
                0x00001554                CLOCK_InitOsc0
 .text.CLOCK_SetPbeMode
                0x000015e0       0xa8 ./drivers/fsl_clock.o
                0x000015e0                CLOCK_SetPbeMode
 .text.CLOCK_BootToPeeMode
                0x00001688       0x64 ./drivers/fsl_clock.o
                0x00001688                CLOCK_BootToPeeMode
 .text.CLOCK_EnableClock
                0x000016ec       0x36 ./drivers/fsl_ftm.o
 *fill*         0x00001722        0x2 ff
 .text.FTM_GetInstance
                0x00001724       0x54 ./drivers/fsl_ftm.o
 .text.FTM_SetPwmSync
                0x00001778      0x11c ./drivers/fsl_ftm.o
 .text.FTM_SetReloadPoints
                0x00001894      0x174 ./drivers/fsl_ftm.o
 .text.FTM_Init
                0x00001a08       0xf4 ./drivers/fsl_ftm.o
                0x00001a08                FTM_Init
 .text.FTM_GetDefaultConfig
                0x00001afc       0x68 ./drivers/fsl_ftm.o
                0x00001afc                FTM_GetDefaultConfig
 .text.FTM_SetupPwm
                0x00001b64      0x2fc ./drivers/fsl_ftm.o
                0x00001b64                FTM_SetupPwm
 .text.FTM_UpdatePwmDutycycle
                0x00001e60      0x10c ./drivers/fsl_ftm.o
                0x00001e60                FTM_UpdatePwmDutycycle
 .text.FTM_EnableInterrupts
                0x00001f6c       0x86 ./drivers/fsl_ftm.o
                0x00001f6c                FTM_EnableInterrupts
 .text.FTM_ClearStatusFlags
                0x00001ff2       0x68 ./drivers/fsl_ftm.o
                0x00001ff2                FTM_ClearStatusFlags
 .text.CLOCK_EnableClock
                0x0000205a       0x36 ./drivers/fsl_uart.o
 .text.UART_GetInstance
                0x00002090       0x54 ./drivers/fsl_uart.o
                0x00002090                UART_GetInstance
 .text.UART_Init
                0x000020e4      0x2d8 ./drivers/fsl_uart.o
                0x000020e4                UART_Init
 .text.UART_GetDefaultConfig
                0x000023bc       0x60 ./drivers/fsl_uart.o
                0x000023bc                UART_GetDefaultConfig
 .text.UART0_DriverIRQHandler
                0x0000241c       0x28 ./drivers/fsl_uart.o
                0x0000241c                UART0_DriverIRQHandler
 .text.UART0_RX_TX_DriverIRQHandler
                0x00002444       0x10 ./drivers/fsl_uart.o
                0x00002444                UART0_RX_TX_DriverIRQHandler
 .text.UART1_DriverIRQHandler
                0x00002454       0x28 ./drivers/fsl_uart.o
                0x00002454                UART1_DriverIRQHandler
 .text.UART1_RX_TX_DriverIRQHandler
                0x0000247c       0x10 ./drivers/fsl_uart.o
                0x0000247c                UART1_RX_TX_DriverIRQHandler
 .text.UART2_DriverIRQHandler
                0x0000248c       0x28 ./drivers/fsl_uart.o
                0x0000248c                UART2_DriverIRQHandler
 .text.UART2_RX_TX_DriverIRQHandler
                0x000024b4       0x10 ./drivers/fsl_uart.o
                0x000024b4                UART2_RX_TX_DriverIRQHandler
 .text.UART3_DriverIRQHandler
                0x000024c4       0x28 ./drivers/fsl_uart.o
                0x000024c4                UART3_DriverIRQHandler
 .text.UART3_RX_TX_DriverIRQHandler
                0x000024ec       0x10 ./drivers/fsl_uart.o
                0x000024ec                UART3_RX_TX_DriverIRQHandler
 .text.UART4_DriverIRQHandler
                0x000024fc       0x28 ./drivers/fsl_uart.o
                0x000024fc                UART4_DriverIRQHandler
 .text.UART4_RX_TX_DriverIRQHandler
                0x00002524       0x10 ./drivers/fsl_uart.o
                0x00002524                UART4_RX_TX_DriverIRQHandler
 .text.UART5_DriverIRQHandler
                0x00002534       0x28 ./drivers/fsl_uart.o
                0x00002534                UART5_DriverIRQHandler
 .text.UART5_RX_TX_DriverIRQHandler
                0x0000255c       0x10 ./drivers/fsl_uart.o
                0x0000255c                UART5_RX_TX_DriverIRQHandler
 .text.BOARD_InitDebugConsole
                0x0000256c       0x28 ./board/board.o
                0x0000256c                BOARD_InitDebugConsole
 .text.CLOCK_SetSimSafeDivs
                0x00002594       0x20 ./board/clock_config.o
 .text.CLOCK_SetXtal0Freq
                0x000025b4       0x20 ./board/clock_config.o
 .text.CLOCK_CONFIG_SetFllExtRefDiv
                0x000025d4       0x3c ./board/clock_config.o
 .text.BOARD_BootClockRUN
                0x00002610       0x60 ./board/clock_config.o
                0x00002610                BOARD_BootClockRUN
 .text.CLOCK_EnableClock
                0x00002670       0x36 ./board/pin_mux.o
 .text.PORT_SetPinMux
                0x000026a6       0x3a ./board/pin_mux.o
 .text.BOARD_InitPins
                0x000026e0       0x7c ./board/pin_mux.o
                0x000026e0                BOARD_InitPins
 .text.SystemInit
                0x0000275c       0x40 ./CMSIS/system_MK64F12.o
                0x0000275c                SystemInit
 .text.__main   0x0000279c        0xe c:/nxp/mcuxpressoide_10.1.0_589/ide/tools/bin/../lib/gcc/arm-none-eabi/6.3.1/../../../../arm-none-eabi/lib/thumb/v7e-m/fpv4-sp/hard\libcr_semihost_nf.a(_cr__main.o)
                0x0000279c                __CR_SEMIHOST
                0x0000279c                __main
 *fill*         0x000027aa        0x2 ff
 .text.__assertion_failed
                0x000027ac       0x4c c:/nxp/mcuxpressoide_10.1.0_589/ide/tools/bin/../lib/gcc/arm-none-eabi/6.3.1/../../../../arm-none-eabi/lib/thumb/v7e-m/fpv4-sp/hard\libcr_semihost_nf.a(_cr_assert.o)
                0x000027ac                __assertion_failed
 .text.__sys_appexit
                0x000027f8        0xc c:/nxp/mcuxpressoide_10.1.0_589/ide/tools/bin/../lib/gcc/arm-none-eabi/6.3.1/../../../../arm-none-eabi/lib/thumb/v7e-m/fpv4-sp/hard\libcr_semihost_nf.a(__sys_appexit.o)
                0x000027f8                __sys_appexit
                0x000027f8                __exit
 .text.memset   0x00002804        0x4 c:/nxp/mcuxpressoide_10.1.0_589/ide/tools/bin/../lib/gcc/arm-none-eabi/6.3.1/../../../../arm-none-eabi/lib/thumb/v7e-m/fpv4-sp/hard\libcr_c.a(memset.o)
                0x00002804                memset
 .text._deferredlazyseek
                0x00002808       0x40 c:/nxp/mcuxpressoide_10.1.0_589/ide/tools/bin/../lib/gcc/arm-none-eabi/6.3.1/../../../../arm-none-eabi/lib/thumb/v7e-m/fpv4-sp/hard\libcr_c.a(_deferredlazyseek.o)
                0x00002808                _deferredlazyseek
 .text.__flsbuf
                0x00002848      0x148 c:/nxp/mcuxpressoide_10.1.0_589/ide/tools/bin/../lib/gcc/arm-none-eabi/6.3.1/../../../../arm-none-eabi/lib/thumb/v7e-m/fpv4-sp/hard\libcr_c.a(_deferredlazyseek.o)
                0x00002848                __flsbuf
 .text._fflush  0x00002990       0x54 c:/nxp/mcuxpressoide_10.1.0_589/ide/tools/bin/../lib/gcc/arm-none-eabi/6.3.1/../../../../arm-none-eabi/lib/thumb/v7e-m/fpv4-sp/hard\libcr_c.a(_fflush.o)
                0x00002990                _fflush
 .text._Cwritebuf
                0x000029e4       0x6c c:/nxp/mcuxpressoide_10.1.0_589/ide/tools/bin/../lib/gcc/arm-none-eabi/6.3.1/../../../../arm-none-eabi/lib/thumb/v7e-m/fpv4-sp/hard\libcr_c.a(_writebuf.o)
                0x000029e4                _Cwritebuf
 .text.malloc   0x00002a50       0xc4 c:/nxp/mcuxpressoide_10.1.0_589/ide/tools/bin/../lib/gcc/arm-none-eabi/6.3.1/../../../../arm-none-eabi/lib/thumb/v7e-m/fpv4-sp/hard\libcr_c.a(alloc.o)
                0x00002a50                malloc
 .text.free     0x00002b14       0x30 c:/nxp/mcuxpressoide_10.1.0_589/ide/tools/bin/../lib/gcc/arm-none-eabi/6.3.1/../../../../arm-none-eabi/lib/thumb/v7e-m/fpv4-sp/hard\libcr_c.a(alloc.o)
                0x00002b14                free
 .text._Csys_alloc
                0x00002b44       0x20 c:/nxp/mcuxpressoide_10.1.0_589/ide/tools/bin/../lib/gcc/arm-none-eabi/6.3.1/../../../../arm-none-eabi/lib/thumb/v7e-m/fpv4-sp/hard\libcr_c.a(alloc.o)
                0x00002b44                _Csys_alloc
 .text.fputs    0x00002b64       0x2c c:/nxp/mcuxpressoide_10.1.0_589/ide/tools/bin/../lib/gcc/arm-none-eabi/6.3.1/../../../../arm-none-eabi/lib/thumb/v7e-m/fpv4-sp/hard\libcr_c.a(fputs.o)
                0x00002b64                fputs
 .text.fseek    0x00002b90      0x100 c:/nxp/mcuxpressoide_10.1.0_589/ide/tools/bin/../lib/gcc/arm-none-eabi/6.3.1/../../../../arm-none-eabi/lib/thumb/v7e-m/fpv4-sp/hard\libcr_c.a(fseek.o)
                0x00002b90                fseek
 .text.ftell    0x00002c90       0x48 c:/nxp/mcuxpressoide_10.1.0_589/ide/tools/bin/../lib/gcc/arm-none-eabi/6.3.1/../../../../arm-none-eabi/lib/thumb/v7e-m/fpv4-sp/hard\libcr_c.a(ftell.o)
                0x00002c90                ftell
 .text._initio  0x00002cd8       0x78 c:/nxp/mcuxpressoide_10.1.0_589/ide/tools/bin/../lib/gcc/arm-none-eabi/6.3.1/../../../../arm-none-eabi/lib/thumb/v7e-m/fpv4-sp/hard\libcr_c.a(initio.o)
                0x00002cd8                _initio
 .text.no_fp_display
                0x00002d50        0x4 c:/nxp/mcuxpressoide_10.1.0_589/ide/tools/bin/../lib/gcc/arm-none-eabi/6.3.1/../../../../arm-none-eabi/lib/thumb/v7e-m/fpv4-sp/hard\libcr_c.a(printf.o)
 .text.__vfprintf
                0x00002d54      0xb7c c:/nxp/mcuxpressoide_10.1.0_589/ide/tools/bin/../lib/gcc/arm-none-eabi/6.3.1/../../../../arm-none-eabi/lib/thumb/v7e-m/fpv4-sp/hard\libcr_c.a(printf.o)
                0x00002d54                __vfprintf
 .text._vsnprintf
                0x000038d0       0x5c c:/nxp/mcuxpressoide_10.1.0_589/ide/tools/bin/../lib/gcc/arm-none-eabi/6.3.1/../../../../arm-none-eabi/lib/thumb/v7e-m/fpv4-sp/hard\libcr_c.a(printf.o)
                0x000038d0                _vsnprintf
 .text._printf  0x0000392c       0x54 c:/nxp/mcuxpressoide_10.1.0_589/ide/tools/bin/../lib/gcc/arm-none-eabi/6.3.1/../../../../arm-none-eabi/lib/thumb/v7e-m/fpv4-sp/hard\libcr_c.a(printf.o)
                0x0000392c                _printf
 .text.setvbuf  0x00003980       0x40 c:/nxp/mcuxpressoide_10.1.0_589/ide/tools/bin/../lib/gcc/arm-none-eabi/6.3.1/../../../../arm-none-eabi/lib/thumb/v7e-m/fpv4-sp/hard\libcr_c.a(setvbuf.o)
                0x00003980                setvbuf
 .text.sin      0x000039c0       0x40 c:/nxp/mcuxpressoide_10.1.0_589/ide/tools/bin/../lib/gcc/arm-none-eabi/6.3.1/../../../../arm-none-eabi/lib/thumb/v7e-m/fpv4-sp/hard\libcr_c.a(sin.o)
                0x000039c0                sin
 .text.strlen   0x00003a00       0x4a c:/nxp/mcuxpressoide_10.1.0_589/ide/tools/bin/../lib/gcc/arm-none-eabi/6.3.1/../../../../arm-none-eabi/lib/thumb/v7e-m/fpv4-sp/hard\libcr_c.a(strlen.o)
                0x00003a00                strlen
 *fill*         0x00003a4a        0x2 ff
 .text._sbrk    0x00003a4c       0x3c c:/nxp/mcuxpressoide_10.1.0_589/ide/tools/bin/../lib/gcc/arm-none-eabi/6.3.1/../../../../arm-none-eabi/lib/thumb/v7e-m/fpv4-sp/hard\libcr_c.a(_cr_sbrk.o)
                0x00003a4c                _sbrk
 .text._fdopen  0x00003a88       0x68 c:/nxp/mcuxpressoide_10.1.0_589/ide/tools/bin/../lib/gcc/arm-none-eabi/6.3.1/../../../../arm-none-eabi/lib/thumb/v7e-m/fpv4-sp/hard\libcr_c.a(_fdopen.o)
                0x00003a88                _fdopen
 .text._sincos  0x00003af0      0x214 c:/nxp/mcuxpressoide_10.1.0_589/ide/tools/bin/../lib/gcc/arm-none-eabi/6.3.1/../../../../arm-none-eabi/lib/thumb/v7e-m/fpv4-sp/hard\libcr_c.a(_sincos.o)
                0x00003af0                _sincos
 .text.fabs     0x00003d04       0x22 c:/nxp/mcuxpressoide_10.1.0_589/ide/tools/bin/../lib/gcc/arm-none-eabi/6.3.1/../../../../arm-none-eabi/lib/thumb/v7e-m/fpv4-sp/hard\libcr_c.a(fabs.o)
                0x00003d04                fabs
 .text.fclose   0x00003d26       0x58 c:/nxp/mcuxpressoide_10.1.0_589/ide/tools/bin/../lib/gcc/arm-none-eabi/6.3.1/../../../../arm-none-eabi/lib/thumb/v7e-m/fpv4-sp/hard\libcr_c.a(fclose.o)
                0x00003d26                fclose
 *fill*         0x00003d7e        0x2 ff
 .text.fflush   0x00003d80       0x44 c:/nxp/mcuxpressoide_10.1.0_589/ide/tools/bin/../lib/gcc/arm-none-eabi/6.3.1/../../../../arm-none-eabi/lib/thumb/v7e-m/fpv4-sp/hard\libcr_c.a(fflush.o)
                0x00003d80                fflush
 .text.remove   0x00003dc4       0x14 c:/nxp/mcuxpressoide_10.1.0_589/ide/tools/bin/../lib/gcc/arm-none-eabi/6.3.1/../../../../arm-none-eabi/lib/thumb/v7e-m/fpv4-sp/hard\libcr_c.a(remove.o)
                0x00003dc4                remove
 .text.__check_heap_overflow
                0x00003dd8       0x18 c:/nxp/mcuxpressoide_10.1.0_589/ide/tools/bin/../lib/gcc/arm-none-eabi/6.3.1/../../../../arm-none-eabi/lib/thumb/v7e-m/fpv4-sp/hard\libcr_c.a(_cr_check_heap.o)
                0x00003dd8                __check_heap_overflow
 .text._do_fflush
                0x00003df0       0x40 c:/nxp/mcuxpressoide_10.1.0_589/ide/tools/bin/../lib/gcc/arm-none-eabi/6.3.1/../../../../arm-none-eabi/lib/thumb/v7e-m/fpv4-sp/hard\libcr_c.a(_do_fflush.o)
                0x00003df0                _do_fflush
 .text.__aeabi_division_uldivmod
                0x00003e30      0x174 c:/nxp/mcuxpressoide_10.1.0_589/ide/tools/bin/../lib/gcc/arm-none-eabi/6.3.1/thumb/v7e-m/fpv4-sp/hard\libcr_eabihelpers.a(division_64.o)
                0x00003e30                __aeabi_uldivmod
                0x00003e34                __bhs_ldivmod1
 .text.__aeabi_division_idiv0
                0x00003fa4        0x2 c:/nxp/mcuxpressoide_10.1.0_589/ide/tools/bin/../lib/gcc/arm-none-eabi/6.3.1/thumb/v7e-m/fpv4-sp/hard\libcr_eabihelpers.a(division_idiv0.o)
                0x00003fa4                __aeabi_idiv0
 *fill*         0x00003fa6        0x2 ff
 .text.__aeabi_dmul
                0x00003fa8      0x118 c:/nxp/mcuxpressoide_10.1.0_589/ide/tools/bin/../lib/gcc/arm-none-eabi/6.3.1/thumb/v7e-m/fpv4-sp/hard\libcr_eabihelpers.a(double.o)
                0x00003fa8                __aeabi_dmul
 .text.__aeabi_ddiv
                0x000040c0      0x13c c:/nxp/mcuxpressoide_10.1.0_589/ide/tools/bin/../lib/gcc/arm-none-eabi/6.3.1/thumb/v7e-m/fpv4-sp/hard\libcr_eabihelpers.a(double.o)
                0x000040c0                __aeabi_ddiv
 .text.__aeabi_dsub
                0x000041fc      0x1cc c:/nxp/mcuxpressoide_10.1.0_589/ide/tools/bin/../lib/gcc/arm-none-eabi/6.3.1/thumb/v7e-m/fpv4-sp/hard\libcr_eabihelpers.a(double.o)
                0x000041fc                __aeabi_dsub
 .text.__aeabi_dadd
                0x000043c8      0x114 c:/nxp/mcuxpressoide_10.1.0_589/ide/tools/bin/../lib/gcc/arm-none-eabi/6.3.1/thumb/v7e-m/fpv4-sp/hard\libcr_eabihelpers.a(double.o)
                0x000043c8                __aeabi_dadd
 .text.__aeabi_d2iz
                0x000044dc       0x40 c:/nxp/mcuxpressoide_10.1.0_589/ide/tools/bin/../lib/gcc/arm-none-eabi/6.3.1/thumb/v7e-m/fpv4-sp/hard\libcr_eabihelpers.a(double.o)
                0x000044dc                __aeabi_d2iz
 .text.__aeabi_d2uiz
                0x0000451c       0x30 c:/nxp/mcuxpressoide_10.1.0_589/ide/tools/bin/../lib/gcc/arm-none-eabi/6.3.1/thumb/v7e-m/fpv4-sp/hard\libcr_eabihelpers.a(double.o)
                0x0000451c                __aeabi_d2uiz
 .text.__aeabi_d2ulz
                0x0000454c       0x56 c:/nxp/mcuxpressoide_10.1.0_589/ide/tools/bin/../lib/gcc/arm-none-eabi/6.3.1/thumb/v7e-m/fpv4-sp/hard\libcr_eabihelpers.a(double.o)
                0x0000454c                __aeabi_d2ulz
 .text.__bhs_ui2d
                0x000045a2       0x46 c:/nxp/mcuxpressoide_10.1.0_589/ide/tools/bin/../lib/gcc/arm-none-eabi/6.3.1/thumb/v7e-m/fpv4-sp/hard\libcr_eabihelpers.a(double.o)
                0x000045a2                __bhs_ui2d
 .text.__aeabi_i2d
                0x000045e8       0x12 c:/nxp/mcuxpressoide_10.1.0_589/ide/tools/bin/../lib/gcc/arm-none-eabi/6.3.1/thumb/v7e-m/fpv4-sp/hard\libcr_eabihelpers.a(double.o)
                0x000045e8                __aeabi_i2d
 .text.__aeabi_dcmplt
                0x000045fa       0x58 c:/nxp/mcuxpressoide_10.1.0_589/ide/tools/bin/../lib/gcc/arm-none-eabi/6.3.1/thumb/v7e-m/fpv4-sp/hard\libcr_eabihelpers.a(double.o)
                0x000045fa                __aeabi_dcmplt
 .text.__aeabi_dcmpge
                0x00004652       0x54 c:/nxp/mcuxpressoide_10.1.0_589/ide/tools/bin/../lib/gcc/arm-none-eabi/6.3.1/thumb/v7e-m/fpv4-sp/hard\libcr_eabihelpers.a(double.o)
                0x00004652                __aeabi_dcmpge
 .text.__aeabi_memset_lowlevel
                0x000046a6       0x32 c:/nxp/mcuxpressoide_10.1.0_589/ide/tools/bin/../lib/gcc/arm-none-eabi/6.3.1/thumb/v7e-m/fpv4-sp/hard\libcr_eabihelpers.a(memcpy.o)
                0x000046a6                __aeabi_lowlevel_memset
 .text.__sys_close
                0x000046d8        0xc c:/nxp/mcuxpressoide_10.1.0_589/ide/tools/bin/../lib/gcc/arm-none-eabi/6.3.1/../../../../arm-none-eabi/lib/thumb/v7e-m/fpv4-sp/hard\libcr_semihost_nf.a(__sys_close.o)
                0x000046d8                __sys_close
 .text.__sys_flen
                0x000046e4        0xc c:/nxp/mcuxpressoide_10.1.0_589/ide/tools/bin/../lib/gcc/arm-none-eabi/6.3.1/../../../../arm-none-eabi/lib/thumb/v7e-m/fpv4-sp/hard\libcr_semihost_nf.a(__sys_flen.o)
                0x000046e4                __sys_flen
 .text.__sys_istty
                0x000046f0        0xc c:/nxp/mcuxpressoide_10.1.0_589/ide/tools/bin/../lib/gcc/arm-none-eabi/6.3.1/../../../../arm-none-eabi/lib/thumb/v7e-m/fpv4-sp/hard\libcr_semihost_nf.a(__sys_istty.o)
                0x000046f0                __sys_istty
 .text.__sys_remove
                0x000046fc        0xc c:/nxp/mcuxpressoide_10.1.0_589/ide/tools/bin/../lib/gcc/arm-none-eabi/6.3.1/../../../../arm-none-eabi/lib/thumb/v7e-m/fpv4-sp/hard\libcr_semihost_nf.a(__sys_remove.o)
                0x000046fc                __sys_remove
 .text.__sys_seek
                0x00004708        0xc c:/nxp/mcuxpressoide_10.1.0_589/ide/tools/bin/../lib/gcc/arm-none-eabi/6.3.1/../../../../arm-none-eabi/lib/thumb/v7e-m/fpv4-sp/hard\libcr_semihost_nf.a(__sys_seek.o)
                0x00004708                __sys_seek
 .text.__sys_tmpnam
                0x00004714        0xc c:/nxp/mcuxpressoide_10.1.0_589/ide/tools/bin/../lib/gcc/arm-none-eabi/6.3.1/../../../../arm-none-eabi/lib/thumb/v7e-m/fpv4-sp/hard\libcr_semihost_nf.a(__sys_tmpnam.o)
                0x00004714                __sys_tmpnam
 .text.__sys_write
                0x00004720        0xc c:/nxp/mcuxpressoide_10.1.0_589/ide/tools/bin/../lib/gcc/arm-none-eabi/6.3.1/../../../../arm-none-eabi/lib/thumb/v7e-m/fpv4-sp/hard\libcr_semihost_nf.a(__sys_write.o)
                0x00004720                __sys_write
 *(.rodata .rodata.* .constdata .constdata.*)
 .rodata        0x0000472c       0x50 ./utilities/fsl_debug_console.o
 .rodata        0x0000477c       0x27 ./utilities/fsl_io.o
 *fill*         0x000047a3        0x1 ff
 .rodata        0x000047a4       0x2c ./source/ftm_pwm_twochannel.o
 .rodata        0x000047d0      0x149 ./drivers/fsl_clock.o
 *fill*         0x00004919        0x3 ff
 .rodata.fllFactorTable.7491
                0x0000491c       0x10 ./drivers/fsl_clock.o
 .rodata.s_ftmBases
                0x0000492c       0x10 ./drivers/fsl_ftm.o
 .rodata.s_ftmClocks
                0x0000493c       0x10 ./drivers/fsl_ftm.o
 .rodata        0x0000494c      0x1e7 ./drivers/fsl_ftm.o
 *fill*         0x00004b33        0x1 ff
 .rodata.s_uartBases
                0x00004b34       0x18 ./drivers/fsl_uart.o
 .rodata.s_uartClock
                0x00004b4c       0x18 ./drivers/fsl_uart.o
 .rodata        0x00004b64      0x513 ./drivers/fsl_uart.o
 *fill*         0x00005077        0x1 ff
 .rodata.mcgConfig_BOARD_BootClockRUN
                0x00005078        0xb ./board/clock_config.o
                0x00005078                mcgConfig_BOARD_BootClockRUN
 *fill*         0x00005083        0x1 ff
 .rodata.simConfig_BOARD_BootClockRUN
                0x00005084        0x8 ./board/clock_config.o
                0x00005084                simConfig_BOARD_BootClockRUN
 .rodata.oscConfig_BOARD_BootClockRUN
                0x0000508c        0x8 ./board/clock_config.o
                0x0000508c                oscConfig_BOARD_BootClockRUN
 .rodata.__assertion_failed.str1.1
                0x00005094       0x15 c:/nxp/mcuxpressoide_10.1.0_589/ide/tools/bin/../lib/gcc/arm-none-eabi/6.3.1/../../../../arm-none-eabi/lib/thumb/v7e-m/fpv4-sp/hard\libcr_semihost_nf.a(_cr_assert.o)
 *fill*         0x000050a9        0x3 ff
 .rodata.__num_Ciob_streams
                0x000050ac        0x4 c:/nxp/mcuxpressoide_10.1.0_589/ide/tools/bin/../lib/gcc/arm-none-eabi/6.3.1/../../../../arm-none-eabi/lib/thumb/v7e-m/fpv4-sp/hard\libcr_semihost_nf.a(__ciob.o)
                0x000050ac                __num_Ciob_streams
 .rodata._Csys_alloc.str1.1
                0x000050b0       0x18 c:/nxp/mcuxpressoide_10.1.0_589/ide/tools/bin/../lib/gcc/arm-none-eabi/6.3.1/../../../../arm-none-eabi/lib/thumb/v7e-m/fpv4-sp/hard\libcr_c.a(alloc.o)
 .rodata._initio.str1.1
                0x000050c8        0x4 c:/nxp/mcuxpressoide_10.1.0_589/ide/tools/bin/../lib/gcc/arm-none-eabi/6.3.1/../../../../arm-none-eabi/lib/thumb/v7e-m/fpv4-sp/hard\libcr_c.a(initio.o)
 .rodata.__vfprintf.str1.1
                0x000050cc       0x35 c:/nxp/mcuxpressoide_10.1.0_589/ide/tools/bin/../lib/gcc/arm-none-eabi/6.3.1/../../../../arm-none-eabi/lib/thumb/v7e-m/fpv4-sp/hard\libcr_c.a(printf.o)
                                 0x38 (size before relaxing)
 *fill*         0x00005101        0x7 ff
 .rodata.__huge_val
                0x00005108        0x8 c:/nxp/mcuxpressoide_10.1.0_589/ide/tools/bin/../lib/gcc/arm-none-eabi/6.3.1/../../../../arm-none-eabi/lib/thumb/v7e-m/fpv4-sp/hard\libcr_c.a(_hugeval.o)
                0x00005108                __huge_val
                0x00005110                . = ALIGN (0x4)

.glue_7         0x00005110        0x0
 .glue_7        0x00005110        0x0 linker stubs

.glue_7t        0x00005110        0x0
 .glue_7t       0x00005110        0x0 linker stubs

.vfp11_veneer   0x00005110        0x0
 .vfp11_veneer  0x00005110        0x0 linker stubs

.v4_bx          0x00005110        0x0
 .v4_bx         0x00005110        0x0 linker stubs

.iplt           0x00005110        0x0
 .iplt          0x00005110        0x0 ./utilities/fsl_assert.o

.rel.dyn        0x00005110        0x0
 .rel.iplt      0x00005110        0x0 ./utilities/fsl_assert.o

.ARM.extab
 *(.ARM.extab* .gnu.linkonce.armextab.*)
                0x00005110                __exidx_start = .

.ARM.exidx
 *(.ARM.exidx* .gnu.linkonce.armexidx.*)
                0x00005110                __exidx_end = .
                0x00005110                _etext = .

.m_usb_data
 *(m_usb_bdt)

.data_RAM2      0x1fff0000        0x0 load address 0x00005110
 FILL mask 0xff
                [!provide]                PROVIDE (__start_data_RAM2, .)
 *(.ramfunc.$RAM2)
 *(.ramfunc.$SRAM_LOWER)
 *(.data.$RAM2*)
 *(.data.$SRAM_LOWER*)
                0x1fff0000                . = ALIGN (0x4)
                [!provide]                PROVIDE (__end_data_RAM2, .)

.data_RAM3      0x14000000        0x0 load address 0x00005110
 FILL mask 0xff
                [!provide]                PROVIDE (__start_data_RAM3, .)
 *(.ramfunc.$RAM3)
 *(.ramfunc.$FLEX_RAM)
 *(.data.$RAM3*)
 *(.data.$FLEX_RAM*)
                0x14000000                . = ALIGN (0x4)
                [!provide]                PROVIDE (__end_data_RAM3, .)

.uninit_RESERVED
                0x20000000        0x0
 *(.bss.$RESERVED*)
                0x20000000                . = ALIGN (0x4)
                0x20000000                _end_uninit_RESERVED = .

.data           0x20000000      0x114 load address 0x00005110
 FILL mask 0xff
                0x20000000                _data = .
 *(vtable)
 *(.ramfunc*)
 *(.data*)
 .data.pi       0x20000000        0x8 ./source/ftm_pwm_twochannel.o
                0x20000000                pi
 .data.sine_wave
                0x20000008      0x100 ./source/ftm_pwm_twochannel.o
                0x20000008                sine_wave
 .data.s_slowIrcFreq
                0x20000108        0x4 ./drivers/fsl_clock.o
 .data.s_fastIrcFreq
                0x2000010c        0x4 ./drivers/fsl_clock.o
 .data.SystemCoreClock
                0x20000110        0x4 ./CMSIS/system_MK64F12.o
                0x20000110                SystemCoreClock
                0x20000114                . = ALIGN (0x4)
                0x20000114                _edata = .

.igot.plt       0x20000114        0x0 load address 0x00005224
 .igot.plt      0x20000114        0x0 ./utilities/fsl_assert.o

.bss_RAM2       0x1fff0000        0x0
                [!provide]                PROVIDE (__start_bss_RAM2, .)
 *(.bss.$RAM2*)
 *(.bss.$SRAM_LOWER*)
                0x1fff0000                . = ALIGN ((. != 0x0)?0x4:0x1)
                [!provide]                PROVIDE (__end_bss_RAM2, .)

.bss_RAM3       0x14000000        0x0
                [!provide]                PROVIDE (__start_bss_RAM3, .)
 *(.bss.$RAM3*)
 *(.bss.$FLEX_RAM*)
                0x14000000                . = ALIGN ((. != 0x0)?0x4:0x1)
                [!provide]                PROVIDE (__end_bss_RAM3, .)

.bss            0x20000114       0xf0
                0x20000114                _bss = .
 *(.bss*)
 .bss.s_debugConsoleIO
                0x20000114        0x8 ./utilities/fsl_io.o
 .bss.ftmIsrFlag
                0x2000011c        0x1 ./source/ftm_pwm_twochannel.o
                0x2000011c                ftmIsrFlag
 *fill*         0x2000011d        0x1 
 .bss.ct        0x2000011e        0x2 ./source/ftm_pwm_twochannel.o
                0x2000011e                ct
 .bss.g_xtal0Freq
                0x20000120        0x4 ./drivers/fsl_clock.o
                0x20000120                g_xtal0Freq
 .bss.g_xtal32Freq
                0x20000124        0x4 ./drivers/fsl_clock.o
                0x20000124                g_xtal32Freq
 .bss.s_uartHandle
                0x20000128       0x18 ./drivers/fsl_uart.o
 .bss.s_uartIsr
                0x20000140        0x4 ./drivers/fsl_uart.o
 .bss.__Ciob    0x20000144       0xb4 c:/nxp/mcuxpressoide_10.1.0_589/ide/tools/bin/../lib/gcc/arm-none-eabi/6.3.1/../../../../arm-none-eabi/lib/thumb/v7e-m/fpv4-sp/hard\libcr_semihost_nf.a(__ciob.o)
                0x20000144                __Ciob
 .bss.__end_of_heap
                0x200001f8        0x4 c:/nxp/mcuxpressoide_10.1.0_589/ide/tools/bin/../lib/gcc/arm-none-eabi/6.3.1/../../../../arm-none-eabi/lib/thumb/v7e-m/fpv4-sp/hard\libcr_c.a(__init_alloc.o)
                0x200001f8                __end_of_heap
 .bss.__heaps   0x200001fc        0x4 c:/nxp/mcuxpressoide_10.1.0_589/ide/tools/bin/../lib/gcc/arm-none-eabi/6.3.1/../../../../arm-none-eabi/lib/thumb/v7e-m/fpv4-sp/hard\libcr_c.a(__init_alloc.o)
                0x200001fc                __heaps
 .bss.errno     0x20000200        0x4 c:/nxp/mcuxpressoide_10.1.0_589/ide/tools/bin/../lib/gcc/arm-none-eabi/6.3.1/../../../../arm-none-eabi/lib/thumb/v7e-m/fpv4-sp/hard\libcr_c.a(errno.o)
                0x20000200                errno
 *(COMMON)
                0x20000204                . = ALIGN (0x4)
                0x20000204                _ebss = .
                [!provide]                PROVIDE (end, .)

.noinit_RAM2    0x1fff0000        0x0
 *(.noinit.$RAM2*)
 *(.noinit.$SRAM_LOWER*)
                0x1fff0000                . = ALIGN (0x4)

.noinit_RAM3    0x14000000        0x0
 *(.noinit.$RAM3*)
 *(.noinit.$FLEX_RAM*)
                0x14000000                . = ALIGN (0x4)

.noinit         0x20000204        0x0
                0x20000204                _noinit = .
 *(.noinit*)
                0x20000204                . = ALIGN (0x4)
                0x20000204                _end_noinit = .
                0x00001000                _HeapSize = 0x1000

.heap           0x20000204     0x1000
                0x20000204                _pvHeapStart = .
                0x20001204                . = (. + _HeapSize)
 *fill*         0x20000204     0x1000 
                0x20001204                . = ALIGN (0x4)
                0x20001204                _pvHeapLimit = .
                0x00001000                _StackSize = 0x1000

.heap2stackfill
                0x20001204     0x1000
                0x20002204                . = (. + _StackSize)
 *fill*         0x20001204     0x1000 

.stack          0x2002f000        0x0
                0x2002f000                _vStackBase = .
                0x2002f000                . = ALIGN (0x4)
                0x20030000                _vStackTop = (. + _StackSize)
                0x00000000                _image_start = LOADADDR (.text)
                0x00005224                _image_end = (LOADADDR (.data) + SIZEOF (.data))
                0x00005224                _image_size = (_image_end - _image_start)
OUTPUT(4_chan_high_voltage.axf elf32-littlearm)

.debug_info     0x00000000     0x9352
 .debug_info    0x00000000      0x2bf ./utilities/fsl_debug_console.o
 .debug_info    0x000002bf      0x81a ./utilities/fsl_io.o
 .debug_info    0x00000ad9      0x33c ./utilities/fsl_log.o
 .debug_info    0x00000e15      0x8b3 ./startup/startup_mk64f12.o
 .debug_info    0x000016c8     0x12a4 ./source/ftm_pwm_twochannel.o
 .debug_info    0x0000296c       0x37 ./source/semihost_hardfault.o
 .debug_info    0x000029a3     0x1e85 ./drivers/fsl_clock.o
 .debug_info    0x00004828     0x132e ./drivers/fsl_ftm.o
 .debug_info    0x00005b56     0x19d1 ./drivers/fsl_uart.o
 .debug_info    0x00007527      0x70f ./board/board.o
 .debug_info    0x00007c36      0xa97 ./board/clock_config.o
 .debug_info    0x000086cd      0x663 ./board/pin_mux.o
 .debug_info    0x00008d30      0x622 ./CMSIS/system_MK64F12.o

.debug_abbrev   0x00000000     0x16f4
 .debug_abbrev  0x00000000      0x102 ./utilities/fsl_debug_console.o
 .debug_abbrev  0x00000102      0x21b ./utilities/fsl_io.o
 .debug_abbrev  0x0000031d      0x17b ./utilities/fsl_log.o
 .debug_abbrev  0x00000498      0x159 ./startup/startup_mk64f12.o
 .debug_abbrev  0x000005f1      0x258 ./source/ftm_pwm_twochannel.o
 .debug_abbrev  0x00000849       0x2c ./source/semihost_hardfault.o
 .debug_abbrev  0x00000875      0x302 ./drivers/fsl_clock.o
 .debug_abbrev  0x00000b77      0x272 ./drivers/fsl_ftm.o
 .debug_abbrev  0x00000de9      0x2fc ./drivers/fsl_uart.o
 .debug_abbrev  0x000010e5      0x157 ./board/board.o
 .debug_abbrev  0x0000123c      0x1ed ./board/clock_config.o
 .debug_abbrev  0x00001429      0x192 ./board/pin_mux.o
 .debug_abbrev  0x000015bb      0x139 ./CMSIS/system_MK64F12.o

.debug_aranges  0x00000000      0x960
 .debug_aranges
                0x00000000       0x30 ./utilities/fsl_debug_console.o
 .debug_aranges
                0x00000030       0x48 ./utilities/fsl_io.o
 .debug_aranges
                0x00000078       0x58 ./utilities/fsl_log.o
 .debug_aranges
                0x000000d0      0x330 ./startup/startup_mk64f12.o
 .debug_aranges
                0x00000400       0x58 ./source/ftm_pwm_twochannel.o
 .debug_aranges
                0x00000458       0x20 ./source/semihost_hardfault.o
 .debug_aranges
                0x00000478      0x1e8 ./drivers/fsl_clock.o
 .debug_aranges
                0x00000660       0xc0 ./drivers/fsl_ftm.o
 .debug_aranges
                0x00000720      0x170 ./drivers/fsl_uart.o
 .debug_aranges
                0x00000890       0x20 ./board/board.o
 .debug_aranges
                0x000008b0       0x50 ./board/clock_config.o
 .debug_aranges
                0x00000900       0x38 ./board/pin_mux.o
 .debug_aranges
                0x00000938       0x28 ./CMSIS/system_MK64F12.o

.debug_ranges   0x00000000      0x890
 .debug_ranges  0x00000000       0x20 ./utilities/fsl_debug_console.o
 .debug_ranges  0x00000020       0x38 ./utilities/fsl_io.o
 .debug_ranges  0x00000058       0x48 ./utilities/fsl_log.o
 .debug_ranges  0x000000a0      0x320 ./startup/startup_mk64f12.o
 .debug_ranges  0x000003c0       0x48 ./source/ftm_pwm_twochannel.o
 .debug_ranges  0x00000408       0x10 ./source/semihost_hardfault.o
 .debug_ranges  0x00000418      0x1d8 ./drivers/fsl_clock.o
 .debug_ranges  0x000005f0       0xb0 ./drivers/fsl_ftm.o
 .debug_ranges  0x000006a0      0x160 ./drivers/fsl_uart.o
 .debug_ranges  0x00000800       0x10 ./board/board.o
 .debug_ranges  0x00000810       0x40 ./board/clock_config.o
 .debug_ranges  0x00000850       0x28 ./board/pin_mux.o
 .debug_ranges  0x00000878       0x18 ./CMSIS/system_MK64F12.o

.debug_line     0x00000000     0x32c4
 .debug_line    0x00000000      0x211 ./utilities/fsl_debug_console.o
 .debug_line    0x00000211      0x2a1 ./utilities/fsl_io.o
 .debug_line    0x000004b2      0x2ad ./utilities/fsl_log.o
 .debug_line    0x0000075f      0x67e ./startup/startup_mk64f12.o
 .debug_line    0x00000ddd      0x356 ./source/ftm_pwm_twochannel.o
 .debug_line    0x00001133       0x54 ./source/semihost_hardfault.o
 .debug_line    0x00001187      0x972 ./drivers/fsl_clock.o
 .debug_line    0x00001af9      0x64a ./drivers/fsl_ftm.o
 .debug_line    0x00002143      0x987 ./drivers/fsl_uart.o
 .debug_line    0x00002aca      0x1e3 ./board/board.o
 .debug_line    0x00002cad      0x286 ./board/clock_config.o
 .debug_line    0x00002f33      0x21b ./board/pin_mux.o
 .debug_line    0x0000314e      0x176 ./CMSIS/system_MK64F12.o

.debug_str      0x00000000     0x4f53
 .debug_str     0x00000000      0x3c5 ./utilities/fsl_debug_console.o
                                0x406 (size before relaxing)
 .debug_str     0x000003c5      0x9d0 ./utilities/fsl_io.o
                                0xce8 (size before relaxing)
 .debug_str     0x00000d95       0x85 ./utilities/fsl_log.o
                                0x3bc (size before relaxing)
 .debug_str     0x00000e1a      0x7ed ./startup/startup_mk64f12.o
                                0x951 (size before relaxing)
 .debug_str     0x00001607     0x1332 ./source/ftm_pwm_twochannel.o
                               0x1c69 (size before relaxing)
 .debug_str     0x00002939       0x1f ./source/semihost_hardfault.o
                                0x16a (size before relaxing)
 .debug_str     0x00002958     0x101c ./drivers/fsl_clock.o
                               0x1d0e (size before relaxing)
 .debug_str     0x00003974      0x743 ./drivers/fsl_ftm.o
                               0x196d (size before relaxing)
 .debug_str     0x000040b7      0x9cb ./drivers/fsl_uart.o
                               0x1e6a (size before relaxing)
 .debug_str     0x00004a82       0x37 ./board/board.o
                                0x769 (size before relaxing)
 .debug_str     0x00004ab9      0x222 ./board/clock_config.o
                                0xed3 (size before relaxing)
 .debug_str     0x00004cdb      0x177 ./board/pin_mux.o
                                0x72c (size before relaxing)
 .debug_str     0x00004e52      0x101 ./CMSIS/system_MK64F12.o
                                0x40d (size before relaxing)

.comment        0x00000000       0x7f
 .comment       0x00000000       0x7f ./utilities/fsl_debug_console.o
                                 0x80 (size before relaxing)
 .comment       0x0000007f       0x80 ./utilities/fsl_io.o
 .comment       0x0000007f       0x80 ./utilities/fsl_log.o
 .comment       0x0000007f       0x80 ./startup/startup_mk64f12.o
 .comment       0x0000007f       0x80 ./source/ftm_pwm_twochannel.o
 .comment       0x0000007f       0x80 ./source/semihost_hardfault.o
 .comment       0x0000007f       0x80 ./drivers/fsl_clock.o
 .comment       0x0000007f       0x80 ./drivers/fsl_ftm.o
 .comment       0x0000007f       0x80 ./drivers/fsl_uart.o
 .comment       0x0000007f       0x80 ./board/board.o
 .comment       0x0000007f       0x80 ./board/clock_config.o
 .comment       0x0000007f       0x80 ./board/pin_mux.o
 .comment       0x0000007f       0x80 ./CMSIS/system_MK64F12.o
 .comment       0x0000007f       0x80 c:/nxp/mcuxpressoide_10.1.0_589/ide/tools/bin/../lib/gcc/arm-none-eabi/6.3.1/../../../../arm-none-eabi/lib/thumb/v7e-m/fpv4-sp/hard\libcr_semihost_nf.a(_cr__main.o)
 .comment       0x0000007f       0x80 c:/nxp/mcuxpressoide_10.1.0_589/ide/tools/bin/../lib/gcc/arm-none-eabi/6.3.1/../../../../arm-none-eabi/lib/thumb/v7e-m/fpv4-sp/hard\libcr_semihost_nf.a(_cr_assert.o)
 .comment       0x0000007f       0x80 c:/nxp/mcuxpressoide_10.1.0_589/ide/tools/bin/../lib/gcc/arm-none-eabi/6.3.1/../../../../arm-none-eabi/lib/thumb/v7e-m/fpv4-sp/hard\libcr_semihost_nf.a(__ciob.o)
 .comment       0x0000007f       0x80 c:/nxp/mcuxpressoide_10.1.0_589/ide/tools/bin/../lib/gcc/arm-none-eabi/6.3.1/../../../../arm-none-eabi/lib/thumb/v7e-m/fpv4-sp/hard\libcr_c.a(memset.o)
 .comment       0x0000007f       0x80 c:/nxp/mcuxpressoide_10.1.0_589/ide/tools/bin/../lib/gcc/arm-none-eabi/6.3.1/../../../../arm-none-eabi/lib/thumb/v7e-m/fpv4-sp/hard\libcr_c.a(_deferredlazyseek.o)
 .comment       0x0000007f       0x80 c:/nxp/mcuxpressoide_10.1.0_589/ide/tools/bin/../lib/gcc/arm-none-eabi/6.3.1/../../../../arm-none-eabi/lib/thumb/v7e-m/fpv4-sp/hard\libcr_c.a(_fflush.o)
 .comment       0x0000007f       0x80 c:/nxp/mcuxpressoide_10.1.0_589/ide/tools/bin/../lib/gcc/arm-none-eabi/6.3.1/../../../../arm-none-eabi/lib/thumb/v7e-m/fpv4-sp/hard\libcr_c.a(_writebuf.o)
 .comment       0x0000007f       0x80 c:/nxp/mcuxpressoide_10.1.0_589/ide/tools/bin/../lib/gcc/arm-none-eabi/6.3.1/../../../../arm-none-eabi/lib/thumb/v7e-m/fpv4-sp/hard\libcr_c.a(alloc.o)
 .comment       0x0000007f       0x80 c:/nxp/mcuxpressoide_10.1.0_589/ide/tools/bin/../lib/gcc/arm-none-eabi/6.3.1/../../../../arm-none-eabi/lib/thumb/v7e-m/fpv4-sp/hard\libcr_c.a(fputs.o)
 .comment       0x0000007f       0x80 c:/nxp/mcuxpressoide_10.1.0_589/ide/tools/bin/../lib/gcc/arm-none-eabi/6.3.1/../../../../arm-none-eabi/lib/thumb/v7e-m/fpv4-sp/hard\libcr_c.a(fseek.o)
 .comment       0x0000007f       0x80 c:/nxp/mcuxpressoide_10.1.0_589/ide/tools/bin/../lib/gcc/arm-none-eabi/6.3.1/../../../../arm-none-eabi/lib/thumb/v7e-m/fpv4-sp/hard\libcr_c.a(ftell.o)
 .comment       0x0000007f       0x80 c:/nxp/mcuxpressoide_10.1.0_589/ide/tools/bin/../lib/gcc/arm-none-eabi/6.3.1/../../../../arm-none-eabi/lib/thumb/v7e-m/fpv4-sp/hard\libcr_c.a(initio.o)
 .comment       0x0000007f       0x80 c:/nxp/mcuxpressoide_10.1.0_589/ide/tools/bin/../lib/gcc/arm-none-eabi/6.3.1/../../../../arm-none-eabi/lib/thumb/v7e-m/fpv4-sp/hard\libcr_c.a(printf.o)
 .comment       0x0000007f       0x80 c:/nxp/mcuxpressoide_10.1.0_589/ide/tools/bin/../lib/gcc/arm-none-eabi/6.3.1/../../../../arm-none-eabi/lib/thumb/v7e-m/fpv4-sp/hard\libcr_c.a(setvbuf.o)
 .comment       0x0000007f       0x80 c:/nxp/mcuxpressoide_10.1.0_589/ide/tools/bin/../lib/gcc/arm-none-eabi/6.3.1/../../../../arm-none-eabi/lib/thumb/v7e-m/fpv4-sp/hard\libcr_c.a(sin.o)
 .comment       0x0000007f       0x80 c:/nxp/mcuxpressoide_10.1.0_589/ide/tools/bin/../lib/gcc/arm-none-eabi/6.3.1/../../../../arm-none-eabi/lib/thumb/v7e-m/fpv4-sp/hard\libcr_c.a(strlen.o)
 .comment       0x0000007f       0x80 c:/nxp/mcuxpressoide_10.1.0_589/ide/tools/bin/../lib/gcc/arm-none-eabi/6.3.1/../../../../arm-none-eabi/lib/thumb/v7e-m/fpv4-sp/hard\libcr_c.a(__init_alloc.o)
 .comment       0x0000007f       0x80 c:/nxp/mcuxpressoide_10.1.0_589/ide/tools/bin/../lib/gcc/arm-none-eabi/6.3.1/../../../../arm-none-eabi/lib/thumb/v7e-m/fpv4-sp/hard\libcr_c.a(_cr_sbrk.o)
 .comment       0x0000007f       0x80 c:/nxp/mcuxpressoide_10.1.0_589/ide/tools/bin/../lib/gcc/arm-none-eabi/6.3.1/../../../../arm-none-eabi/lib/thumb/v7e-m/fpv4-sp/hard\libcr_c.a(_fdopen.o)
 .comment       0x0000007f       0x80 c:/nxp/mcuxpressoide_10.1.0_589/ide/tools/bin/../lib/gcc/arm-none-eabi/6.3.1/../../../../arm-none-eabi/lib/thumb/v7e-m/fpv4-sp/hard\libcr_c.a(_sincos.o)
 .comment       0x0000007f       0x80 c:/nxp/mcuxpressoide_10.1.0_589/ide/tools/bin/../lib/gcc/arm-none-eabi/6.3.1/../../../../arm-none-eabi/lib/thumb/v7e-m/fpv4-sp/hard\libcr_c.a(errno.o)
 .comment       0x0000007f       0x80 c:/nxp/mcuxpressoide_10.1.0_589/ide/tools/bin/../lib/gcc/arm-none-eabi/6.3.1/../../../../arm-none-eabi/lib/thumb/v7e-m/fpv4-sp/hard\libcr_c.a(fabs.o)
 .comment       0x0000007f       0x80 c:/nxp/mcuxpressoide_10.1.0_589/ide/tools/bin/../lib/gcc/arm-none-eabi/6.3.1/../../../../arm-none-eabi/lib/thumb/v7e-m/fpv4-sp/hard\libcr_c.a(fclose.o)
 .comment       0x0000007f       0x80 c:/nxp/mcuxpressoide_10.1.0_589/ide/tools/bin/../lib/gcc/arm-none-eabi/6.3.1/../../../../arm-none-eabi/lib/thumb/v7e-m/fpv4-sp/hard\libcr_c.a(fflush.o)
 .comment       0x0000007f       0x80 c:/nxp/mcuxpressoide_10.1.0_589/ide/tools/bin/../lib/gcc/arm-none-eabi/6.3.1/../../../../arm-none-eabi/lib/thumb/v7e-m/fpv4-sp/hard\libcr_c.a(remove.o)
 .comment       0x0000007f       0x80 c:/nxp/mcuxpressoide_10.1.0_589/ide/tools/bin/../lib/gcc/arm-none-eabi/6.3.1/../../../../arm-none-eabi/lib/thumb/v7e-m/fpv4-sp/hard\libcr_c.a(_cr_check_heap.o)
 .comment       0x0000007f       0x80 c:/nxp/mcuxpressoide_10.1.0_589/ide/tools/bin/../lib/gcc/arm-none-eabi/6.3.1/../../../../arm-none-eabi/lib/thumb/v7e-m/fpv4-sp/hard\libcr_c.a(_do_fflush.o)
 .comment       0x0000007f       0x80 c:/nxp/mcuxpressoide_10.1.0_589/ide/tools/bin/../lib/gcc/arm-none-eabi/6.3.1/../../../../arm-none-eabi/lib/thumb/v7e-m/fpv4-sp/hard\libcr_c.a(_hugeval.o)
 .comment       0x0000007f       0x80 c:/nxp/mcuxpressoide_10.1.0_589/ide/tools/bin/../lib/gcc/arm-none-eabi/6.3.1/thumb/v7e-m/fpv4-sp/hard\libcr_eabihelpers.a(double.o)

.ARM.attributes
                0x00000000       0x37
 .ARM.attributes
                0x00000000       0x39 ./utilities/fsl_debug_console.o
 .ARM.attributes
                0x00000039       0x39 ./utilities/fsl_io.o
 .ARM.attributes
                0x00000072       0x39 ./utilities/fsl_log.o
 .ARM.attributes
                0x000000ab       0x39 ./startup/startup_mk64f12.o
 .ARM.attributes
                0x000000e4       0x39 ./source/ftm_pwm_twochannel.o
 .ARM.attributes
                0x0000011d       0x39 ./source/semihost_hardfault.o
 .ARM.attributes
                0x00000156       0x39 ./drivers/fsl_clock.o
 .ARM.attributes
                0x0000018f       0x39 ./drivers/fsl_ftm.o
 .ARM.attributes
                0x000001c8       0x39 ./drivers/fsl_uart.o
 .ARM.attributes
                0x00000201       0x39 ./board/board.o
 .ARM.attributes
                0x0000023a       0x39 ./board/clock_config.o
 .ARM.attributes
                0x00000273       0x39 ./board/pin_mux.o
 .ARM.attributes
                0x000002ac       0x39 ./CMSIS/system_MK64F12.o
 .ARM.attributes
                0x000002e5       0x39 c:/nxp/mcuxpressoide_10.1.0_589/ide/tools/bin/../lib/gcc/arm-none-eabi/6.3.1/../../../../arm-none-eabi/lib/thumb/v7e-m/fpv4-sp/hard\libcr_semihost_nf.a(_cr__main.o)
 .ARM.attributes
                0x0000031e       0x39 c:/nxp/mcuxpressoide_10.1.0_589/ide/tools/bin/../lib/gcc/arm-none-eabi/6.3.1/../../../../arm-none-eabi/lib/thumb/v7e-m/fpv4-sp/hard\libcr_semihost_nf.a(_cr_assert.o)
 .ARM.attributes
                0x00000357       0x39 c:/nxp/mcuxpressoide_10.1.0_589/ide/tools/bin/../lib/gcc/arm-none-eabi/6.3.1/../../../../arm-none-eabi/lib/thumb/v7e-m/fpv4-sp/hard\libcr_semihost_nf.a(__ciob.o)
 .ARM.attributes
                0x00000390       0x25 c:/nxp/mcuxpressoide_10.1.0_589/ide/tools/bin/../lib/gcc/arm-none-eabi/6.3.1/../../../../arm-none-eabi/lib/thumb/v7e-m/fpv4-sp/hard\libcr_semihost_nf.a(__sys_appexit.o)
 .ARM.attributes
                0x000003b5       0x39 c:/nxp/mcuxpressoide_10.1.0_589/ide/tools/bin/../lib/gcc/arm-none-eabi/6.3.1/../../../../arm-none-eabi/lib/thumb/v7e-m/fpv4-sp/hard\libcr_c.a(memset.o)
 .ARM.attributes
                0x000003ee       0x39 c:/nxp/mcuxpressoide_10.1.0_589/ide/tools/bin/../lib/gcc/arm-none-eabi/6.3.1/../../../../arm-none-eabi/lib/thumb/v7e-m/fpv4-sp/hard\libcr_c.a(_deferredlazyseek.o)
 .ARM.attributes
                0x00000427       0x39 c:/nxp/mcuxpressoide_10.1.0_589/ide/tools/bin/../lib/gcc/arm-none-eabi/6.3.1/../../../../arm-none-eabi/lib/thumb/v7e-m/fpv4-sp/hard\libcr_c.a(_fflush.o)
 .ARM.attributes
                0x00000460       0x39 c:/nxp/mcuxpressoide_10.1.0_589/ide/tools/bin/../lib/gcc/arm-none-eabi/6.3.1/../../../../arm-none-eabi/lib/thumb/v7e-m/fpv4-sp/hard\libcr_c.a(_writebuf.o)
 .ARM.attributes
                0x00000499       0x39 c:/nxp/mcuxpressoide_10.1.0_589/ide/tools/bin/../lib/gcc/arm-none-eabi/6.3.1/../../../../arm-none-eabi/lib/thumb/v7e-m/fpv4-sp/hard\libcr_c.a(alloc.o)
 .ARM.attributes
                0x000004d2       0x39 c:/nxp/mcuxpressoide_10.1.0_589/ide/tools/bin/../lib/gcc/arm-none-eabi/6.3.1/../../../../arm-none-eabi/lib/thumb/v7e-m/fpv4-sp/hard\libcr_c.a(fputs.o)
 .ARM.attributes
                0x0000050b       0x39 c:/nxp/mcuxpressoide_10.1.0_589/ide/tools/bin/../lib/gcc/arm-none-eabi/6.3.1/../../../../arm-none-eabi/lib/thumb/v7e-m/fpv4-sp/hard\libcr_c.a(fseek.o)
 .ARM.attributes
                0x00000544       0x39 c:/nxp/mcuxpressoide_10.1.0_589/ide/tools/bin/../lib/gcc/arm-none-eabi/6.3.1/../../../../arm-none-eabi/lib/thumb/v7e-m/fpv4-sp/hard\libcr_c.a(ftell.o)
 .ARM.attributes
                0x0000057d       0x39 c:/nxp/mcuxpressoide_10.1.0_589/ide/tools/bin/../lib/gcc/arm-none-eabi/6.3.1/../../../../arm-none-eabi/lib/thumb/v7e-m/fpv4-sp/hard\libcr_c.a(initio.o)
 .ARM.attributes
                0x000005b6       0x39 c:/nxp/mcuxpressoide_10.1.0_589/ide/tools/bin/../lib/gcc/arm-none-eabi/6.3.1/../../../../arm-none-eabi/lib/thumb/v7e-m/fpv4-sp/hard\libcr_c.a(printf.o)
 .ARM.attributes
                0x000005ef       0x39 c:/nxp/mcuxpressoide_10.1.0_589/ide/tools/bin/../lib/gcc/arm-none-eabi/6.3.1/../../../../arm-none-eabi/lib/thumb/v7e-m/fpv4-sp/hard\libcr_c.a(setvbuf.o)
 .ARM.attributes
                0x00000628       0x39 c:/nxp/mcuxpressoide_10.1.0_589/ide/tools/bin/../lib/gcc/arm-none-eabi/6.3.1/../../../../arm-none-eabi/lib/thumb/v7e-m/fpv4-sp/hard\libcr_c.a(sin.o)
 .ARM.attributes
                0x00000661       0x39 c:/nxp/mcuxpressoide_10.1.0_589/ide/tools/bin/../lib/gcc/arm-none-eabi/6.3.1/../../../../arm-none-eabi/lib/thumb/v7e-m/fpv4-sp/hard\libcr_c.a(strlen.o)
 .ARM.attributes
                0x0000069a       0x39 c:/nxp/mcuxpressoide_10.1.0_589/ide/tools/bin/../lib/gcc/arm-none-eabi/6.3.1/../../../../arm-none-eabi/lib/thumb/v7e-m/fpv4-sp/hard\libcr_c.a(__init_alloc.o)
 .ARM.attributes
                0x000006d3       0x39 c:/nxp/mcuxpressoide_10.1.0_589/ide/tools/bin/../lib/gcc/arm-none-eabi/6.3.1/../../../../arm-none-eabi/lib/thumb/v7e-m/fpv4-sp/hard\libcr_c.a(_cr_sbrk.o)
 .ARM.attributes
                0x0000070c       0x39 c:/nxp/mcuxpressoide_10.1.0_589/ide/tools/bin/../lib/gcc/arm-none-eabi/6.3.1/../../../../arm-none-eabi/lib/thumb/v7e-m/fpv4-sp/hard\libcr_c.a(_fdopen.o)
 .ARM.attributes
                0x00000745       0x39 c:/nxp/mcuxpressoide_10.1.0_589/ide/tools/bin/../lib/gcc/arm-none-eabi/6.3.1/../../../../arm-none-eabi/lib/thumb/v7e-m/fpv4-sp/hard\libcr_c.a(_sincos.o)
 .ARM.attributes
                0x0000077e       0x39 c:/nxp/mcuxpressoide_10.1.0_589/ide/tools/bin/../lib/gcc/arm-none-eabi/6.3.1/../../../../arm-none-eabi/lib/thumb/v7e-m/fpv4-sp/hard\libcr_c.a(errno.o)
 .ARM.attributes
                0x000007b7       0x39 c:/nxp/mcuxpressoide_10.1.0_589/ide/tools/bin/../lib/gcc/arm-none-eabi/6.3.1/../../../../arm-none-eabi/lib/thumb/v7e-m/fpv4-sp/hard\libcr_c.a(fabs.o)
 .ARM.attributes
                0x000007f0       0x39 c:/nxp/mcuxpressoide_10.1.0_589/ide/tools/bin/../lib/gcc/arm-none-eabi/6.3.1/../../../../arm-none-eabi/lib/thumb/v7e-m/fpv4-sp/hard\libcr_c.a(fclose.o)
 .ARM.attributes
                0x00000829       0x39 c:/nxp/mcuxpressoide_10.1.0_589/ide/tools/bin/../lib/gcc/arm-none-eabi/6.3.1/../../../../arm-none-eabi/lib/thumb/v7e-m/fpv4-sp/hard\libcr_c.a(fflush.o)
 .ARM.attributes
                0x00000862       0x39 c:/nxp/mcuxpressoide_10.1.0_589/ide/tools/bin/../lib/gcc/arm-none-eabi/6.3.1/../../../../arm-none-eabi/lib/thumb/v7e-m/fpv4-sp/hard\libcr_c.a(remove.o)
 .ARM.attributes
                0x0000089b       0x39 c:/nxp/mcuxpressoide_10.1.0_589/ide/tools/bin/../lib/gcc/arm-none-eabi/6.3.1/../../../../arm-none-eabi/lib/thumb/v7e-m/fpv4-sp/hard\libcr_c.a(_cr_check_heap.o)
 .ARM.attributes
                0x000008d4       0x39 c:/nxp/mcuxpressoide_10.1.0_589/ide/tools/bin/../lib/gcc/arm-none-eabi/6.3.1/../../../../arm-none-eabi/lib/thumb/v7e-m/fpv4-sp/hard\libcr_c.a(_do_fflush.o)
 .ARM.attributes
                0x0000090d       0x39 c:/nxp/mcuxpressoide_10.1.0_589/ide/tools/bin/../lib/gcc/arm-none-eabi/6.3.1/../../../../arm-none-eabi/lib/thumb/v7e-m/fpv4-sp/hard\libcr_c.a(_hugeval.o)
 .ARM.attributes
                0x00000946       0x25 c:/nxp/mcuxpressoide_10.1.0_589/ide/tools/bin/../lib/gcc/arm-none-eabi/6.3.1/thumb/v7e-m/fpv4-sp/hard\libcr_eabihelpers.a(division_64.o)
 .ARM.attributes
                0x0000096b       0x25 c:/nxp/mcuxpressoide_10.1.0_589/ide/tools/bin/../lib/gcc/arm-none-eabi/6.3.1/thumb/v7e-m/fpv4-sp/hard\libcr_eabihelpers.a(division_idiv0.o)
 .ARM.attributes
                0x00000990       0x39 c:/nxp/mcuxpressoide_10.1.0_589/ide/tools/bin/../lib/gcc/arm-none-eabi/6.3.1/thumb/v7e-m/fpv4-sp/hard\libcr_eabihelpers.a(double.o)
 .ARM.attributes
                0x000009c9       0x25 c:/nxp/mcuxpressoide_10.1.0_589/ide/tools/bin/../lib/gcc/arm-none-eabi/6.3.1/thumb/v7e-m/fpv4-sp/hard\libcr_eabihelpers.a(memcpy.o)
 .ARM.attributes
                0x000009ee       0x25 c:/nxp/mcuxpressoide_10.1.0_589/ide/tools/bin/../lib/gcc/arm-none-eabi/6.3.1/../../../../arm-none-eabi/lib/thumb/v7e-m/fpv4-sp/hard\libcr_semihost_nf.a(__sys_close.o)
 .ARM.attributes
                0x00000a13       0x25 c:/nxp/mcuxpressoide_10.1.0_589/ide/tools/bin/../lib/gcc/arm-none-eabi/6.3.1/../../../../arm-none-eabi/lib/thumb/v7e-m/fpv4-sp/hard\libcr_semihost_nf.a(__sys_flen.o)
 .ARM.attributes
                0x00000a38       0x25 c:/nxp/mcuxpressoide_10.1.0_589/ide/tools/bin/../lib/gcc/arm-none-eabi/6.3.1/../../../../arm-none-eabi/lib/thumb/v7e-m/fpv4-sp/hard\libcr_semihost_nf.a(__sys_istty.o)
 .ARM.attributes
                0x00000a5d       0x25 c:/nxp/mcuxpressoide_10.1.0_589/ide/tools/bin/../lib/gcc/arm-none-eabi/6.3.1/../../../../arm-none-eabi/lib/thumb/v7e-m/fpv4-sp/hard\libcr_semihost_nf.a(__sys_remove.o)
 .ARM.attributes
                0x00000a82       0x25 c:/nxp/mcuxpressoide_10.1.0_589/ide/tools/bin/../lib/gcc/arm-none-eabi/6.3.1/../../../../arm-none-eabi/lib/thumb/v7e-m/fpv4-sp/hard\libcr_semihost_nf.a(__sys_seek.o)
 .ARM.attributes
                0x00000aa7       0x25 c:/nxp/mcuxpressoide_10.1.0_589/ide/tools/bin/../lib/gcc/arm-none-eabi/6.3.1/../../../../arm-none-eabi/lib/thumb/v7e-m/fpv4-sp/hard\libcr_semihost_nf.a(__sys_tmpnam.o)
 .ARM.attributes
                0x00000acc       0x25 c:/nxp/mcuxpressoide_10.1.0_589/ide/tools/bin/../lib/gcc/arm-none-eabi/6.3.1/../../../../arm-none-eabi/lib/thumb/v7e-m/fpv4-sp/hard\libcr_semihost_nf.a(__sys_write.o)

.debug_frame    0x00000000     0x2040
 .debug_frame   0x00000000       0x6c ./utilities/fsl_debug_console.o
 .debug_frame   0x0000006c       0xe0 ./utilities/fsl_io.o
 .debug_frame   0x0000014c      0x120 ./utilities/fsl_log.o
 .debug_frame   0x0000026c      0x904 ./startup/startup_mk64f12.o
 .debug_frame   0x00000b70      0x140 ./source/ftm_pwm_twochannel.o
 .debug_frame   0x00000cb0       0x20 ./source/semihost_hardfault.o
 .debug_frame   0x00000cd0      0x820 ./drivers/fsl_clock.o
 .debug_frame   0x000014f0      0x338 ./drivers/fsl_ftm.o
 .debug_frame   0x00001828      0x5ec ./drivers/fsl_uart.o
 .debug_frame   0x00001e14       0x34 ./board/board.o
 .debug_frame   0x00001e48      0x108 ./board/clock_config.o
 .debug_frame   0x00001f50       0x98 ./board/pin_mux.o
 .debug_frame   0x00001fe8       0x58 ./CMSIS/system_MK64F12.o
